Jan 28 13:06:20 cu-cs-vm rsyslogd: [origin software="rsyslogd" swVersion="8.16.0" x-pid="724" x-info="http://www.rsyslog.com"] rsyslogd was HUPed
Jan 28 13:06:27 cu-cs-vm anacron[769]: Job `cron.daily' terminated
Jan 28 13:06:27 cu-cs-vm anacron[769]: Normal exit (1 job run)
Jan 28 13:08:20 cu-cs-vm kernel: [  429.390971] hello world
Jan 28 13:08:20 cu-cs-vm kernel: [  429.390977] First value: 3, Second value 4
Jan 28 13:08:20 cu-cs-vm kernel: [  429.390983] BUG: unable to handle kernel paging request at 00007ffc0461b164
Jan 28 13:08:20 cu-cs-vm kernel: [  429.390993] IP: sys_cs3753_add+0x31/0x50
Jan 28 13:08:20 cu-cs-vm kernel: [  429.390994] PGD 80000000548f8067 P4D 80000000548f8067 PUD 61d72067 PMD 5bb80067 PTE 800000004130c867
Jan 28 13:08:20 cu-cs-vm kernel: [  429.391000] Oops: 0003 [#1] SMP PTI
Jan 28 13:08:20 cu-cs-vm kernel: [  429.391003] Modules linked in: crct10dif_pclmul crc32_pclmul ghash_clmulni_intel pcbc aesni_intel aes_x86_64 crypto_simd glue_helper cryptd vmw_balloon intel_rapl_perf joydev input_leds serio_raw i2c_piix4 shpchp mac_hid vmw_vsock_vmci_transport vsock binfmt_misc vmw_vmci parport_pc ppdev lp parport autofs4 hid_generic usbhid hid vmwgfx ttm drm_kms_helper e1000 psmouse ahci libahci syscopyarea sysfillrect sysimgblt fb_sys_fops drm mptspi mptscsih mptbase scsi_transport_spi pata_acpi
Jan 28 13:08:20 cu-cs-vm kernel: [  429.391041] CPU: 0 PID: 2252 Comm: assign1 Not tainted 4.15.18brandon #9
Jan 28 13:08:20 cu-cs-vm kernel: [  429.391043] Hardware name: VMware, Inc. VMware Virtual Platform/440BX Desktop Reference Platform, BIOS 6.00 05/19/2017
Jan 28 13:08:20 cu-cs-vm kernel: [  429.391047] RIP: 0010:sys_cs3753_add+0x31/0x50
Jan 28 13:08:20 cu-cs-vm kernel: [  429.391049] RSP: 0018:ffffb74082197f10 EFLAGS: 00010282
Jan 28 13:08:20 cu-cs-vm kernel: [  429.391052] RAX: 000000000000001e RBX: 0000000000000004 RCX: 0000000000000006
Jan 28 13:08:20 cu-cs-vm kernel: [  429.391054] RDX: 0000000000000000 RSI: 0000000000000007 RDI: ffffffffa10b76f4
Jan 28 13:08:20 cu-cs-vm kernel: [  429.391056] RBP: ffffb74082197f28 R08: 6176207473726946 R09: 0000000000000611
Jan 28 13:08:20 cu-cs-vm kernel: [  429.391057] R10: 0000000000000000 R11: 342065756c617620 R12: 0000000000000003
Jan 28 13:08:20 cu-cs-vm kernel: [  429.391059] R13: 00007ffc0461b164 R14: 0000000000000000 R15: 0000000000000000
Jan 28 13:08:20 cu-cs-vm kernel: [  429.391062] FS:  00007f1fe9087700(0000) GS:ffff8ddf7b600000(0000) knlGS:0000000000000000
Jan 28 13:08:20 cu-cs-vm kernel: [  429.391064] CS:  0010 DS: 0000 ES: 0000 CR0: 0000000080050033
Jan 28 13:08:20 cu-cs-vm kernel: [  429.391066] CR2: 00007ffc0461b164 CR3: 00000000787bc003 CR4: 00000000003606f0
Jan 28 13:08:20 cu-cs-vm kernel: [  429.391121] Call Trace:
Jan 28 13:08:20 cu-cs-vm kernel: [  429.391129]  do_syscall_64+0x73/0x130
Jan 28 13:08:20 cu-cs-vm kernel: [  429.391134]  entry_SYSCALL_64_after_hwframe+0x3d/0xa2
Jan 28 13:08:20 cu-cs-vm kernel: [  429.391137] RIP: 0033:0x7f1fe8bbb4d9
Jan 28 13:08:20 cu-cs-vm kernel: [  429.391139] RSP: 002b:00007ffc0461b158 EFLAGS: 00000217 ORIG_RAX: 000000000000014e
Jan 28 13:08:20 cu-cs-vm kernel: [  429.391142] RAX: ffffffffffffffda RBX: 0000000000000000 RCX: 00007f1fe8bbb4d9
Jan 28 13:08:20 cu-cs-vm kernel: [  429.391144] RDX: 00007ffc0461b164 RSI: 0000000000000004 RDI: 0000000000000003
Jan 28 13:08:20 cu-cs-vm kernel: [  429.391145] RBP: 00007ffc0461b170 R08: 00007ffc0461b250 R09: 00007ffc0461b250
Jan 28 13:08:20 cu-cs-vm kernel: [  429.391147] R10: 00007f1fe8e94ab0 R11: 0000000000000217 R12: 00000000004004a0
Jan 28 13:08:20 cu-cs-vm kernel: [  429.391149] R13: 00007ffc0461b250 R14: 0000000000000000 R15: 0000000000000000
Jan 28 13:08:20 cu-cs-vm kernel: [  429.391151] Code: 48 89 e5 41 55 41 54 53 41 89 fc 89 f3 49 89 d5 89 f2 89 fe 48 c7 c7 d0 76 0b a1 e8 3a 60 0b 00 41 8d 34 1c 48 c7 c7 f4 76 0b a1 <41> 89 75 00 e8 26 60 0b 00 31 c0 5b 41 5c 41 5d 5d c3 90 90 90 
Jan 28 13:08:20 cu-cs-vm kernel: [  429.391190] RIP: sys_cs3753_add+0x31/0x50 RSP: ffffb74082197f10
Jan 28 13:08:20 cu-cs-vm kernel: [  429.391192] CR2: 00007ffc0461b164
Jan 28 13:08:20 cu-cs-vm kernel: [  429.391194] ---[ end trace 87c536fb1bb945d7 ]---
Jan 28 13:08:50 cu-cs-vm kernel: [  459.304615] hello world
Jan 28 13:08:50 cu-cs-vm kernel: [  459.304621] First value: 3, Second value 4
Jan 28 13:08:50 cu-cs-vm kernel: [  459.304627] BUG: unable to handle kernel paging request at 00007ffdc76ad1f4
Jan 28 13:08:50 cu-cs-vm kernel: [  459.304637] IP: sys_cs3753_add+0x31/0x50
Jan 28 13:08:50 cu-cs-vm kernel: [  459.304638] PGD 80000000548f8067 P4D 80000000548f8067 PUD 50e98067 PMD 5488b067 PTE 8000000053aaa867
Jan 28 13:08:50 cu-cs-vm kernel: [  459.304644] Oops: 0003 [#2] SMP PTI
Jan 28 13:08:50 cu-cs-vm kernel: [  459.304647] Modules linked in: crct10dif_pclmul crc32_pclmul ghash_clmulni_intel pcbc aesni_intel aes_x86_64 crypto_simd glue_helper cryptd vmw_balloon intel_rapl_perf joydev input_leds serio_raw i2c_piix4 shpchp mac_hid vmw_vsock_vmci_transport vsock binfmt_misc vmw_vmci parport_pc ppdev lp parport autofs4 hid_generic usbhid hid vmwgfx ttm drm_kms_helper e1000 psmouse ahci libahci syscopyarea sysfillrect sysimgblt fb_sys_fops drm mptspi mptscsih mptbase scsi_transport_spi pata_acpi
Jan 28 13:08:50 cu-cs-vm kernel: [  459.304686] CPU: 0 PID: 2258 Comm: assign1 Tainted: G      D          4.15.18brandon #9
Jan 28 13:08:50 cu-cs-vm kernel: [  459.304688] Hardware name: VMware, Inc. VMware Virtual Platform/440BX Desktop Reference Platform, BIOS 6.00 05/19/2017
Jan 28 13:08:50 cu-cs-vm kernel: [  459.304692] RIP: 0010:sys_cs3753_add+0x31/0x50
Jan 28 13:08:50 cu-cs-vm kernel: [  459.304694] RSP: 0018:ffffb74081a43f10 EFLAGS: 00010282
Jan 28 13:08:50 cu-cs-vm kernel: [  459.304696] RAX: 000000000000001e RBX: 0000000000000004 RCX: 0000000000000006
Jan 28 13:08:50 cu-cs-vm kernel: [  459.304698] RDX: 0000000000000000 RSI: 0000000000000007 RDI: ffffffffa10b76f4
Jan 28 13:08:50 cu-cs-vm kernel: [  459.304700] RBP: ffffb74081a43f28 R08: 6176207473726946 R09: 0000000000000632
Jan 28 13:08:50 cu-cs-vm kernel: [  459.304702] R10: 0000000000000000 R11: 342065756c617620 R12: 0000000000000003
Jan 28 13:08:50 cu-cs-vm kernel: [  459.304704] R13: 00007ffdc76ad1f4 R14: 0000000000000000 R15: 0000000000000000
Jan 28 13:08:50 cu-cs-vm kernel: [  459.304706] FS:  00007ffaa97ab700(0000) GS:ffff8ddf7b600000(0000) knlGS:0000000000000000
Jan 28 13:08:50 cu-cs-vm kernel: [  459.304708] CS:  0010 DS: 0000 ES: 0000 CR0: 0000000080050033
Jan 28 13:08:50 cu-cs-vm kernel: [  459.304710] CR2: 00007ffdc76ad1f4 CR3: 00000000549ae004 CR4: 00000000003606f0
Jan 28 13:08:50 cu-cs-vm kernel: [  459.304761] Call Trace:
Jan 28 13:08:50 cu-cs-vm kernel: [  459.304769]  do_syscall_64+0x73/0x130
Jan 28 13:08:50 cu-cs-vm kernel: [  459.304774]  entry_SYSCALL_64_after_hwframe+0x3d/0xa2
Jan 28 13:08:50 cu-cs-vm kernel: [  459.304777] RIP: 0033:0x7ffaa92df4d9
Jan 28 13:08:50 cu-cs-vm kernel: [  459.304779] RSP: 002b:00007ffdc76ad1e8 EFLAGS: 00000217 ORIG_RAX: 000000000000014e
Jan 28 13:08:50 cu-cs-vm kernel: [  459.304782] RAX: ffffffffffffffda RBX: 0000000000000000 RCX: 00007ffaa92df4d9
Jan 28 13:08:50 cu-cs-vm kernel: [  459.304784] RDX: 00007ffdc76ad1f4 RSI: 0000000000000004 RDI: 0000000000000003
Jan 28 13:08:50 cu-cs-vm kernel: [  459.304785] RBP: 00007ffdc76ad200 R08: 00007ffdc76ad2e0 R09: 00007ffdc76ad2e0
Jan 28 13:08:50 cu-cs-vm kernel: [  459.304787] R10: 00007ffaa95b8ab0 R11: 0000000000000217 R12: 00000000004004a0
Jan 28 13:08:50 cu-cs-vm kernel: [  459.304789] R13: 00007ffdc76ad2e0 R14: 0000000000000000 R15: 0000000000000000
Jan 28 13:08:50 cu-cs-vm kernel: [  459.304791] Code: 48 89 e5 41 55 41 54 53 41 89 fc 89 f3 49 89 d5 89 f2 89 fe 48 c7 c7 d0 76 0b a1 e8 3a 60 0b 00 41 8d 34 1c 48 c7 c7 f4 76 0b a1 <41> 89 75 00 e8 26 60 0b 00 31 c0 5b 41 5c 41 5d 5d c3 90 90 90 
Jan 28 13:08:50 cu-cs-vm kernel: [  459.304830] RIP: sys_cs3753_add+0x31/0x50 RSP: ffffb74081a43f10
Jan 28 13:08:50 cu-cs-vm kernel: [  459.304832] CR2: 00007ffdc76ad1f4
Jan 28 13:08:50 cu-cs-vm kernel: [  459.304834] ---[ end trace 87c536fb1bb945d8 ]---
Jan 28 13:08:59 cu-cs-vm kernel: [  468.323789] hello world
Jan 28 13:08:59 cu-cs-vm kernel: [  468.323801] First value: 3, Second value 4
Jan 28 13:08:59 cu-cs-vm kernel: [  468.323814] BUG: unable to handle kernel paging request at 00007fffbe6e9b14
Jan 28 13:08:59 cu-cs-vm kernel: [  468.323833] IP: sys_cs3753_add+0x31/0x50
Jan 28 13:08:59 cu-cs-vm kernel: [  468.323837] PGD 80000000548f8067 P4D 80000000548f8067 PUD 5ba1d067 PMD 73701067 PTE 800000001d352867
Jan 28 13:08:59 cu-cs-vm kernel: [  468.323851] Oops: 0003 [#3] SMP PTI
Jan 28 13:08:59 cu-cs-vm kernel: [  468.323856] Modules linked in: crct10dif_pclmul crc32_pclmul ghash_clmulni_intel pcbc aesni_intel aes_x86_64 crypto_simd glue_helper cryptd vmw_balloon intel_rapl_perf joydev input_leds serio_raw i2c_piix4 shpchp mac_hid vmw_vsock_vmci_transport vsock binfmt_misc vmw_vmci parport_pc ppdev lp parport autofs4 hid_generic usbhid hid vmwgfx ttm drm_kms_helper e1000 psmouse ahci libahci syscopyarea sysfillrect sysimgblt fb_sys_fops drm mptspi mptscsih mptbase scsi_transport_spi pata_acpi
Jan 28 13:08:59 cu-cs-vm kernel: [  468.323936] CPU: 0 PID: 2259 Comm: assign1 Tainted: G      D          4.15.18brandon #9
Jan 28 13:08:59 cu-cs-vm kernel: [  468.323940] Hardware name: VMware, Inc. VMware Virtual Platform/440BX Desktop Reference Platform, BIOS 6.00 05/19/2017
Jan 28 13:08:59 cu-cs-vm kernel: [  468.323949] RIP: 0010:sys_cs3753_add+0x31/0x50
Jan 28 13:08:59 cu-cs-vm kernel: [  468.323953] RSP: 0018:ffffb74080c43f10 EFLAGS: 00010282
Jan 28 13:08:59 cu-cs-vm kernel: [  468.323959] RAX: 000000000000001e RBX: 0000000000000004 RCX: 0000000000000006
Jan 28 13:08:59 cu-cs-vm kernel: [  468.323963] RDX: 0000000000000000 RSI: 0000000000000007 RDI: ffffffffa10b76f4
Jan 28 13:08:59 cu-cs-vm kernel: [  468.323968] RBP: ffffb74080c43f28 R08: 6176207473726946 R09: 0000000000000653
Jan 28 13:08:59 cu-cs-vm kernel: [  468.323971] R10: 0000000000000000 R11: 342065756c617620 R12: 0000000000000003
Jan 28 13:08:59 cu-cs-vm kernel: [  468.323975] R13: 00007fffbe6e9b14 R14: 0000000000000000 R15: 0000000000000000
Jan 28 13:08:59 cu-cs-vm kernel: [  468.323981] FS:  00007f8c90aa9700(0000) GS:ffff8ddf7b600000(0000) knlGS:0000000000000000
Jan 28 13:08:59 cu-cs-vm kernel: [  468.323986] CS:  0010 DS: 0000 ES: 0000 CR0: 0000000080050033
Jan 28 13:08:59 cu-cs-vm kernel: [  468.323990] CR2: 00007fffbe6e9b14 CR3: 00000000787bc002 CR4: 00000000003606f0
Jan 28 13:08:59 cu-cs-vm kernel: [  468.324275] Call Trace:
Jan 28 13:08:59 cu-cs-vm kernel: [  468.324294]  do_syscall_64+0x73/0x130
Jan 28 13:08:59 cu-cs-vm kernel: [  468.324305]  entry_SYSCALL_64_after_hwframe+0x3d/0xa2
Jan 28 13:08:59 cu-cs-vm kernel: [  468.324312] RIP: 0033:0x7f8c905dd4d9
Jan 28 13:08:59 cu-cs-vm kernel: [  468.324316] RSP: 002b:00007fffbe6e9b08 EFLAGS: 00000217 ORIG_RAX: 000000000000014e
Jan 28 13:08:59 cu-cs-vm kernel: [  468.324322] RAX: ffffffffffffffda RBX: 0000000000000000 RCX: 00007f8c905dd4d9
Jan 28 13:08:59 cu-cs-vm kernel: [  468.324326] RDX: 00007fffbe6e9b14 RSI: 0000000000000004 RDI: 0000000000000003
Jan 28 13:08:59 cu-cs-vm kernel: [  468.324330] RBP: 00007fffbe6e9b20 R08: 00007fffbe6e9c00 R09: 00007fffbe6e9c00
Jan 28 13:08:59 cu-cs-vm kernel: [  468.324334] R10: 00007f8c908b6ab0 R11: 0000000000000217 R12: 00000000004004a0
Jan 28 13:08:59 cu-cs-vm kernel: [  468.324338] R13: 00007fffbe6e9c00 R14: 0000000000000000 R15: 0000000000000000
Jan 28 13:08:59 cu-cs-vm kernel: [  468.324343] Code: 48 89 e5 41 55 41 54 53 41 89 fc 89 f3 49 89 d5 89 f2 89 fe 48 c7 c7 d0 76 0b a1 e8 3a 60 0b 00 41 8d 34 1c 48 c7 c7 f4 76 0b a1 <41> 89 75 00 e8 26 60 0b 00 31 c0 5b 41 5c 41 5d 5d c3 90 90 90 
Jan 28 13:08:59 cu-cs-vm kernel: [  468.324433] RIP: sys_cs3753_add+0x31/0x50 RSP: ffffb74080c43f10
Jan 28 13:08:59 cu-cs-vm kernel: [  468.324436] CR2: 00007fffbe6e9b14
Jan 28 13:08:59 cu-cs-vm kernel: [  468.324443] ---[ end trace 87c536fb1bb945d9 ]---
Jan 28 13:09:10 cu-cs-vm kernel: [  479.256930] hello world
Jan 28 13:11:19 cu-cs-vm uptimed: moving up to position 11: 0 days, 00:10:08
Jan 28 13:13:48 cu-cs-vm kernel: [  757.489780] hello world
Jan 28 13:13:48 cu-cs-vm kernel: [  757.489785] First value: 3, Second value 4
Jan 28 13:13:48 cu-cs-vm kernel: [  757.489791] BUG: unable to handle kernel paging request at 00007ffc79771da4
Jan 28 13:13:48 cu-cs-vm kernel: [  757.489798] IP: sys_cs3753_add+0x31/0x50
Jan 28 13:13:48 cu-cs-vm kernel: [  757.489799] PGD 80000000548f8067 P4D 80000000548f8067 PUD 36cbf067 PMD b806067 PTE 800000004b461867
Jan 28 13:13:48 cu-cs-vm kernel: [  757.489803] Oops: 0003 [#4] SMP PTI
Jan 28 13:13:48 cu-cs-vm kernel: [  757.489805] Modules linked in: crct10dif_pclmul crc32_pclmul ghash_clmulni_intel pcbc aesni_intel aes_x86_64 crypto_simd glue_helper cryptd vmw_balloon intel_rapl_perf joydev input_leds serio_raw i2c_piix4 shpchp mac_hid vmw_vsock_vmci_transport vsock binfmt_misc vmw_vmci parport_pc ppdev lp parport autofs4 hid_generic usbhid hid vmwgfx ttm drm_kms_helper e1000 psmouse ahci libahci syscopyarea sysfillrect sysimgblt fb_sys_fops drm mptspi mptscsih mptbase scsi_transport_spi pata_acpi
Jan 28 13:13:48 cu-cs-vm kernel: [  757.489830] CPU: 0 PID: 2330 Comm: assign1 Tainted: G      D          4.15.18brandon #9
Jan 28 13:13:48 cu-cs-vm kernel: [  757.489831] Hardware name: VMware, Inc. VMware Virtual Platform/440BX Desktop Reference Platform, BIOS 6.00 05/19/2017
Jan 28 13:13:48 cu-cs-vm kernel: [  757.489834] RIP: 0010:sys_cs3753_add+0x31/0x50
Jan 28 13:13:48 cu-cs-vm kernel: [  757.489835] RSP: 0018:ffffb74083c5bf10 EFLAGS: 00010282
Jan 28 13:13:48 cu-cs-vm kernel: [  757.489837] RAX: 000000000000001e RBX: 0000000000000004 RCX: 0000000000000006
Jan 28 13:13:48 cu-cs-vm kernel: [  757.489838] RDX: 0000000000000000 RSI: 0000000000000007 RDI: ffffffffa10b76f4
Jan 28 13:13:48 cu-cs-vm kernel: [  757.489839] RBP: ffffb74083c5bf28 R08: 6176207473726946 R09: 0000000000000675
Jan 28 13:13:48 cu-cs-vm kernel: [  757.489840] R10: 0000000000000000 R11: 342065756c617620 R12: 0000000000000003
Jan 28 13:13:48 cu-cs-vm kernel: [  757.489841] R13: 00007ffc79771da4 R14: 0000000000000000 R15: 0000000000000000
Jan 28 13:13:48 cu-cs-vm kernel: [  757.489843] FS:  00007effea9c1700(0000) GS:ffff8ddf7b600000(0000) knlGS:0000000000000000
Jan 28 13:13:48 cu-cs-vm kernel: [  757.489844] CS:  0010 DS: 0000 ES: 0000 CR0: 0000000080050033
Jan 28 13:13:48 cu-cs-vm kernel: [  757.489846] CR2: 00007ffc79771da4 CR3: 000000000b922004 CR4: 00000000003606f0
Jan 28 13:13:48 cu-cs-vm kernel: [  757.489853] Call Trace:
Jan 28 13:13:48 cu-cs-vm kernel: [  757.489857]  do_syscall_64+0x73/0x130
Jan 28 13:13:48 cu-cs-vm kernel: [  757.489861]  entry_SYSCALL_64_after_hwframe+0x3d/0xa2
Jan 28 13:13:48 cu-cs-vm kernel: [  757.489863] RIP: 0033:0x7effea4f54d9
Jan 28 13:13:48 cu-cs-vm kernel: [  757.489864] RSP: 002b:00007ffc79771d98 EFLAGS: 00000217 ORIG_RAX: 000000000000014e
Jan 28 13:13:48 cu-cs-vm kernel: [  757.489866] RAX: ffffffffffffffda RBX: 0000000000000000 RCX: 00007effea4f54d9
Jan 28 13:13:48 cu-cs-vm kernel: [  757.489867] RDX: 00007ffc79771da4 RSI: 0000000000000004 RDI: 0000000000000003
Jan 28 13:13:48 cu-cs-vm kernel: [  757.489868] RBP: 00007ffc79771db0 R08: 00007ffc79771e90 R09: 00007ffc79771e90
Jan 28 13:13:48 cu-cs-vm kernel: [  757.489869] R10: 00007effea7ceab0 R11: 0000000000000217 R12: 00000000004004a0
Jan 28 13:13:48 cu-cs-vm kernel: [  757.489870] R13: 00007ffc79771e90 R14: 0000000000000000 R15: 0000000000000000
Jan 28 13:13:48 cu-cs-vm kernel: [  757.489871] Code: 48 89 e5 41 55 41 54 53 41 89 fc 89 f3 49 89 d5 89 f2 89 fe 48 c7 c7 d0 76 0b a1 e8 3a 60 0b 00 41 8d 34 1c 48 c7 c7 f4 76 0b a1 <41> 89 75 00 e8 26 60 0b 00 31 c0 5b 41 5c 41 5d 5d c3 90 90 90 
Jan 28 13:13:48 cu-cs-vm kernel: [  757.489896] RIP: sys_cs3753_add+0x31/0x50 RSP: ffffb74083c5bf10
Jan 28 13:13:48 cu-cs-vm kernel: [  757.489897] CR2: 00007ffc79771da4
Jan 28 13:13:48 cu-cs-vm kernel: [  757.489898] ---[ end trace 87c536fb1bb945da ]---
Jan 28 13:15:20 cu-cs-vm dhclient[948]: DHCPREQUEST of 192.168.2.128 on ens33 to 192.168.2.254 port 67 (xid=0x4212adab)
Jan 28 13:15:20 cu-cs-vm dhclient[948]: DHCPACK of 192.168.2.128 from 192.168.2.254
Jan 28 13:15:20 cu-cs-vm NetworkManager[766]: <info>  [1548706520.8984]   address 192.168.2.128
Jan 28 13:15:20 cu-cs-vm NetworkManager[766]: <info>  [1548706520.8989]   plen 24 (255.255.255.0)
Jan 28 13:15:20 cu-cs-vm NetworkManager[766]: <info>  [1548706520.8992]   gateway 192.168.2.2
Jan 28 13:15:20 cu-cs-vm NetworkManager[766]: <info>  [1548706520.8995]   server identifier 192.168.2.254
Jan 28 13:15:20 cu-cs-vm NetworkManager[766]: <info>  [1548706520.8998]   lease time 1800
Jan 28 13:15:20 cu-cs-vm NetworkManager[766]: <info>  [1548706520.9002]   nameserver '192.168.2.2'
Jan 28 13:15:20 cu-cs-vm NetworkManager[766]: <info>  [1548706520.9005]   domain name 'localdomain'
Jan 28 13:15:20 cu-cs-vm NetworkManager[766]: <info>  [1548706520.9008]   wins '192.168.2.2'
Jan 28 13:15:20 cu-cs-vm NetworkManager[766]: <info>  [1548706520.9011] dhcp4 (ens33): state changed bound -> bound
Jan 28 13:15:20 cu-cs-vm dbus[737]: [system] Activating via systemd: service name='org.freedesktop.nm_dispatcher' unit='dbus-org.freedesktop.nm-dispatcher.service'
Jan 28 13:15:20 cu-cs-vm systemd[1]: Starting Network Manager Script Dispatcher Service...
Jan 28 13:15:20 cu-cs-vm dhclient[948]: bound to 192.168.2.128 -- renewal in 838 seconds.
Jan 28 13:15:20 cu-cs-vm dbus[737]: [system] Successfully activated service 'org.freedesktop.nm_dispatcher'
Jan 28 13:15:20 cu-cs-vm systemd[1]: Started Network Manager Script Dispatcher Service.
Jan 28 13:15:20 cu-cs-vm nm-dispatcher: req:1 'dhcp4-change' [ens33]: new request (1 scripts)
Jan 28 13:15:20 cu-cs-vm nm-dispatcher: req:1 'dhcp4-change' [ens33]: start running ordered scripts...
Jan 28 13:16:46 cu-cs-vm systemd[1]: Starting Cleanup of Temporary Directories...
Jan 28 13:16:46 cu-cs-vm systemd-tmpfiles[2367]: [/usr/lib/tmpfiles.d/var.conf:14] Duplicate line for path "/var/log", ignoring.
Jan 28 13:16:46 cu-cs-vm systemd[1]: Started Cleanup of Temporary Directories.
Jan 28 13:17:01 cu-cs-vm CRON[2371]: (root) CMD (   cd / && run-parts --report /etc/cron.hourly)
Jan 28 13:17:10 cu-cs-vm dbus[737]: [system] Activating via systemd: service name='org.bluez' unit='dbus-org.bluez.service'
Jan 28 13:17:27 cu-cs-vm dbus[737]: [system] Activating via systemd: service name='org.freedesktop.fwupd' unit='fwupd.service'
Jan 28 13:17:27 cu-cs-vm systemd[1]: Starting Firmware update daemon...
Jan 28 13:17:29 cu-cs-vm fwupd[2514]: (fwupd:2514): Fu-WARNING **: disabling plugin because: failed to coldplug uefi: UEFI firmware updating not supported
Jan 28 13:17:29 cu-cs-vm fwupd[2514]: (fwupd:2514): Fu-WARNING **: ignoring add-delay as device ro__sys_devices_pci0000_00_0000_00_10_0 already pending
Jan 28 13:17:29 cu-cs-vm fwupd[2514]: (fwupd:2514): Fu-WARNING **: ignoring add-delay as device ro__sys_devices_pci0000_00_0000_00_11_0_0000_02_01_0 already pending
Jan 28 13:17:29 cu-cs-vm fwupd[2514]: (fwupd:2514): Fu-WARNING **: ignoring add-delay as device ro__sys_devices_pci0000_00_0000_00_11_0_0000_02_04_0 already pending
Jan 28 13:17:29 cu-cs-vm fwupd[2514]: (fwupd:2514): Fu-WARNING **: disabling plugin because: failed to coldplug raspberrypi: Raspberry PI firmware updating not supported, no /boot/start.elf
Jan 28 13:17:30 cu-cs-vm dbus[737]: [system] Successfully activated service 'org.freedesktop.fwupd'
Jan 28 13:17:30 cu-cs-vm systemd[1]: Started Firmware update daemon.
Jan 28 13:17:37 cu-cs-vm dbus[737]: [system] Activating service name='org.debian.apt' (using servicehelper)
Jan 28 13:17:37 cu-cs-vm AptDaemon: INFO: Initializing daemon
Jan 28 13:17:37 cu-cs-vm org.debian.apt[737]: 13:17:37 AptDaemon [INFO]: Initializing daemon
Jan 28 13:17:37 cu-cs-vm dbus[737]: [system] Successfully activated service 'org.debian.apt'
Jan 28 13:17:38 cu-cs-vm AptDaemon.PackageKit: INFO: Initializing PackageKit compat layer
Jan 28 13:17:38 cu-cs-vm org.debian.apt[737]: /usr/lib/python3/dist-packages/aptdaemon/worker/pkworker.py:35: PyGIWarning: PackageKitGlib was imported without specifying a version first. Use gi.require_version('PackageKitGlib', '1.0') before import to ensure that the right version gets loaded.
Jan 28 13:17:38 cu-cs-vm org.debian.apt[737]:   from gi.repository import PackageKitGlib as pk
Jan 28 13:17:38 cu-cs-vm org.debian.apt[737]: 13:17:38 AptDaemon.PackageKit [INFO]: Initializing PackageKit compat layer
Jan 28 13:17:38 cu-cs-vm AptDaemon: INFO: InstallFile() was called: /home/user/Downloads/dropbox_2018.11.28_amd64.deb
Jan 28 13:17:38 cu-cs-vm org.debian.apt[737]: 13:17:38 AptDaemon [INFO]: InstallFile() was called: /home/user/Downloads/dropbox_2018.11.28_amd64.deb
Jan 28 13:17:38 cu-cs-vm AptDaemon.Trans: INFO: Queuing transaction /org/debian/apt/transaction/b29a1835fdbb4fc1af0572951eb8172e
Jan 28 13:17:38 cu-cs-vm org.debian.apt[737]: 13:17:38 AptDaemon.Trans [INFO]: Queuing transaction /org/debian/apt/transaction/b29a1835fdbb4fc1af0572951eb8172e
Jan 28 13:17:38 cu-cs-vm AptDaemon.Worker: INFO: Simulating trans: /org/debian/apt/transaction/b29a1835fdbb4fc1af0572951eb8172e
Jan 28 13:17:38 cu-cs-vm org.debian.apt[737]: 13:17:38 AptDaemon.Worker [INFO]: Simulating trans: /org/debian/apt/transaction/b29a1835fdbb4fc1af0572951eb8172e
Jan 28 13:17:39 cu-cs-vm AptDaemon.Worker: INFO: Installing local package file: /home/user/Downloads/dropbox_2018.11.28_amd64.deb
Jan 28 13:17:39 cu-cs-vm org.debian.apt[737]: 13:17:39 AptDaemon.Worker [INFO]: Installing local package file: /home/user/Downloads/dropbox_2018.11.28_amd64.deb
Jan 28 13:17:40 cu-cs-vm AptDaemon.Worker: WARNING: An additional step to open the cache is required
Jan 28 13:17:40 cu-cs-vm org.debian.apt[737]: 13:17:40 AptDaemon.Worker [WARNING]: An additional step to open the cache is required
Jan 28 13:17:41 cu-cs-vm AptDaemon.Worker: INFO: Processing transaction /org/debian/apt/transaction/b29a1835fdbb4fc1af0572951eb8172e
Jan 28 13:17:41 cu-cs-vm org.debian.apt[737]: 13:17:41 AptDaemon.Worker [INFO]: Processing transaction /org/debian/apt/transaction/b29a1835fdbb4fc1af0572951eb8172e
Jan 28 13:17:42 cu-cs-vm AptDaemon.Worker: INFO: Installing local package file: /home/user/Downloads/dropbox_2018.11.28_amd64.deb
Jan 28 13:17:42 cu-cs-vm org.debian.apt[737]: 13:17:42 AptDaemon.Worker [INFO]: Installing local package file: /home/user/Downloads/dropbox_2018.11.28_amd64.deb
Jan 28 13:17:42 cu-cs-vm AptDaemon.Worker: WARNING: An additional step to open the cache is required
Jan 28 13:17:42 cu-cs-vm org.debian.apt[737]: 13:17:42 AptDaemon.Worker [WARNING]: An additional step to open the cache is required
Jan 28 13:17:45 cu-cs-vm AptDaemon.Worker: INFO: Finished transaction /org/debian/apt/transaction/b29a1835fdbb4fc1af0572951eb8172e
Jan 28 13:17:45 cu-cs-vm org.debian.apt[737]: /usr/lib/python3/dist-packages/aptdaemon/progress.py:491: Warning: Source ID 36 was not found when attempting to remove it
Jan 28 13:17:45 cu-cs-vm org.debian.apt[737]:   GLib.source_remove(id)
Jan 28 13:17:45 cu-cs-vm org.debian.apt[737]: /usr/lib/python3/dist-packages/aptdaemon/progress.py:491: Warning: Source ID 37 was not found when attempting to remove it
Jan 28 13:17:45 cu-cs-vm org.debian.apt[737]:   GLib.source_remove(id)
Jan 28 13:17:45 cu-cs-vm org.debian.apt[737]: 13:17:45 AptDaemon.Worker [INFO]: Finished transaction /org/debian/apt/transaction/b29a1835fdbb4fc1af0572951eb8172e
Jan 28 13:18:32 cu-cs-vm AptDaemon: INFO: UpdateCache() was called
Jan 28 13:18:32 cu-cs-vm org.debian.apt[737]: 13:18:32 AptDaemon [INFO]: UpdateCache() was called
Jan 28 13:18:33 cu-cs-vm AptDaemon.Trans: INFO: Queuing transaction /org/debian/apt/transaction/b828cd619fcb44c28fc89a8ee1e9d870
Jan 28 13:18:33 cu-cs-vm org.debian.apt[737]: 13:18:33 AptDaemon.Trans [INFO]: Queuing transaction /org/debian/apt/transaction/b828cd619fcb44c28fc89a8ee1e9d870
Jan 28 13:18:33 cu-cs-vm AptDaemon.Worker: INFO: Simulating trans: /org/debian/apt/transaction/b828cd619fcb44c28fc89a8ee1e9d870
Jan 28 13:18:33 cu-cs-vm org.debian.apt[737]: 13:18:33 AptDaemon.Worker [INFO]: Simulating trans: /org/debian/apt/transaction/b828cd619fcb44c28fc89a8ee1e9d870
Jan 28 13:18:33 cu-cs-vm AptDaemon.Worker: INFO: Processing transaction /org/debian/apt/transaction/b828cd619fcb44c28fc89a8ee1e9d870
Jan 28 13:18:33 cu-cs-vm org.debian.apt[737]: 13:18:33 AptDaemon.Worker [INFO]: Processing transaction /org/debian/apt/transaction/b828cd619fcb44c28fc89a8ee1e9d870
Jan 28 13:18:34 cu-cs-vm AptDaemon.Worker: INFO: Updating cache
Jan 28 13:18:34 cu-cs-vm org.debian.apt[737]: 13:18:34 AptDaemon.Worker [INFO]: Updating cache
Jan 28 13:18:46 cu-cs-vm AptDaemon.Worker: INFO: Finished transaction /org/debian/apt/transaction/b828cd619fcb44c28fc89a8ee1e9d870
Jan 28 13:18:46 cu-cs-vm org.debian.apt[737]: 13:18:46 AptDaemon.Worker [INFO]: Finished transaction /org/debian/apt/transaction/b828cd619fcb44c28fc89a8ee1e9d870
Jan 28 13:19:22 cu-cs-vm AptDaemon: INFO: InstallFile() was called: /tmp/mozilla_user0/dropbox_2018.11.28_i386.deb
Jan 28 13:19:22 cu-cs-vm org.debian.apt[737]: 13:19:22 AptDaemon [INFO]: InstallFile() was called: /tmp/mozilla_user0/dropbox_2018.11.28_i386.deb
Jan 28 13:19:22 cu-cs-vm AptDaemon.Trans: INFO: Queuing transaction /org/debian/apt/transaction/d7763ec6954e4f25bbd483ffe3235ac9
Jan 28 13:19:22 cu-cs-vm org.debian.apt[737]: 13:19:22 AptDaemon.Trans [INFO]: Queuing transaction /org/debian/apt/transaction/d7763ec6954e4f25bbd483ffe3235ac9
Jan 28 13:19:22 cu-cs-vm AptDaemon.Worker: INFO: Simulating trans: /org/debian/apt/transaction/d7763ec6954e4f25bbd483ffe3235ac9
Jan 28 13:19:22 cu-cs-vm org.debian.apt[737]: 13:19:22 AptDaemon.Worker [INFO]: Simulating trans: /org/debian/apt/transaction/d7763ec6954e4f25bbd483ffe3235ac9
Jan 28 13:19:23 cu-cs-vm AptDaemon.Worker: INFO: Installing local package file: /tmp/mozilla_user0/dropbox_2018.11.28_i386.deb
Jan 28 13:19:23 cu-cs-vm org.debian.apt[737]: 13:19:23 AptDaemon.Worker [INFO]: Installing local package file: /tmp/mozilla_user0/dropbox_2018.11.28_i386.deb
Jan 28 13:19:24 cu-cs-vm AptDaemon.Worker: WARNING: An additional step to open the cache is required
Jan 28 13:19:24 cu-cs-vm org.debian.apt[737]: 13:19:24 AptDaemon.Worker [WARNING]: An additional step to open the cache is required
Jan 28 13:19:28 cu-cs-vm AptDaemon: INFO: InstallPackages() was called: dbus.Array([dbus.String('dropbox')], signature=dbus.Signature('s'))
Jan 28 13:19:28 cu-cs-vm org.debian.apt[737]: 13:19:28 AptDaemon [INFO]: InstallPackages() was called: dbus.Array([dbus.String('dropbox')], signature=dbus.Signature('s'))
Jan 28 13:19:28 cu-cs-vm AptDaemon.Trans: INFO: Queuing transaction /org/debian/apt/transaction/e7e86aeb8a284b36b045819d8bdc3d57
Jan 28 13:19:28 cu-cs-vm org.debian.apt[737]: 13:19:28 AptDaemon.Trans [INFO]: Queuing transaction /org/debian/apt/transaction/e7e86aeb8a284b36b045819d8bdc3d57
Jan 28 13:19:28 cu-cs-vm AptDaemon.Worker: INFO: Simulating trans: /org/debian/apt/transaction/e7e86aeb8a284b36b045819d8bdc3d57
Jan 28 13:19:28 cu-cs-vm org.debian.apt[737]: 13:19:28 AptDaemon.Worker [INFO]: Simulating trans: /org/debian/apt/transaction/e7e86aeb8a284b36b045819d8bdc3d57
Jan 28 13:19:28 cu-cs-vm AptDaemon.Worker: INFO: Committing packages: dbus.Array([dbus.String('dropbox')], signature=dbus.Signature('s')), dbus.Array([], signature=dbus.Signature('s')), dbus.Array([], signature=dbus.Signature('s')), dbus.Array([], signature=dbus.Signature('s')), dbus.Array([], signature=dbus.Signature('s')), dbus.Array([], signature=dbus.Signature('s'))
Jan 28 13:19:28 cu-cs-vm org.debian.apt[737]: 13:19:28 AptDaemon.Worker [INFO]: Committing packages: dbus.Array([dbus.String('dropbox')], signature=dbus.Signature('s')), dbus.Array([], signature=dbus.Signature('s')), dbus.Array([], signature=dbus.Signature('s')), dbus.Array([], signature=dbus.Signature('s')), dbus.Array([], signature=dbus.Signature('s')), dbus.Array([], signature=dbus.Signature('s'))
Jan 28 13:19:29 cu-cs-vm AptDaemon.Worker: INFO: Processing transaction /org/debian/apt/transaction/e7e86aeb8a284b36b045819d8bdc3d57
Jan 28 13:19:29 cu-cs-vm org.debian.apt[737]: 13:19:29 AptDaemon.Worker [INFO]: Processing transaction /org/debian/apt/transaction/e7e86aeb8a284b36b045819d8bdc3d57
Jan 28 13:19:29 cu-cs-vm AptDaemon.Worker: INFO: Finished transaction /org/debian/apt/transaction/e7e86aeb8a284b36b045819d8bdc3d57
Jan 28 13:19:29 cu-cs-vm org.debian.apt[737]: 13:19:29 AptDaemon.Worker [INFO]: Finished transaction /org/debian/apt/transaction/e7e86aeb8a284b36b045819d8bdc3d57
Jan 28 13:20:10 cu-cs-vm dbus[737]: [system] Activating via systemd: service name='org.bluez' unit='dbus-org.bluez.service'
Jan 28 13:20:42 cu-cs-vm systemd[1]: Stopping Authenticate and Authorize Users to Run Privileged Tasks...
Jan 28 13:20:42 cu-cs-vm VGAuthService[731]: ** Message: Processing SIGTERM; service exiting
Jan 28 13:20:42 cu-cs-vm VGAuthService[731]: ** Message: ServiceEndMainLoop: about to stop main loop
Jan 28 13:20:42 cu-cs-vm VGAuthService[731]: ** Message: END SERVICE
Jan 28 13:20:42 cu-cs-vm systemd[1]: Stopping Authentication service for virtual machines hosted on VMware...
Jan 28 13:20:42 cu-cs-vm rsyslogd: [origin software="rsyslogd" swVersion="8.16.0" x-pid="724" x-info="http://www.rsyslog.com"] exiting on signal 15.
Jan 28 13:21:08 cu-cs-vm rsyslogd: [origin software="rsyslogd" swVersion="8.16.0" x-pid="793" x-info="http://www.rsyslog.com"] start
Jan 28 13:21:08 cu-cs-vm rsyslogd-2222: command 'KLogPermitNonKernelFacility' is currently not permitted - did you already set it via a RainerScript command (v6+ config)? [v8.16.0 try http://www.rsyslog.com/e/2222 ]
Jan 28 13:21:08 cu-cs-vm rsyslogd: rsyslogd's groupid changed to 108
Jan 28 13:21:08 cu-cs-vm rsyslogd: rsyslogd's userid changed to 104
Jan 28 13:21:08 cu-cs-vm rsyslogd-2039: Could not open output pipe '/dev/xconsole':: No such file or directory [v8.16.0 try http://www.rsyslog.com/e/2039 ]
Jan 28 13:21:08 cu-cs-vm rsyslogd-2007: action 'action 10' suspended, next retry is Mon Jan 28 13:21:38 2019 [v8.16.0 try http://www.rsyslog.com/e/2007 ]
Jan 28 13:21:08 cu-cs-vm kernel: [    0.000000] Linux version 4.15.18brandon (root@cu-cs-vm) (gcc version 5.4.0 20160609 (Ubuntu 5.4.0-6ubuntu1~16.04.11)) #9 SMP Mon Jan 28 12:18:19 MST 2019 (Ubuntu 4.15.0-33.36~16.04.1-generic 4.15.18)
Jan 28 13:21:08 cu-cs-vm kernel: [    0.000000] Command line: BOOT_IMAGE=/boot/vmlinuz-4.15.18brandon root=UUID=a7adc8c1-e02a-478b-93ad-c06e060e0176 ro
Jan 28 13:21:08 cu-cs-vm kernel: [    0.000000] KERNEL supported cpus:
Jan 28 13:21:08 cu-cs-vm kernel: [    0.000000]   Intel GenuineIntel
Jan 28 13:21:08 cu-cs-vm kernel: [    0.000000]   AMD AuthenticAMD
Jan 28 13:21:08 cu-cs-vm kernel: [    0.000000]   Centaur CentaurHauls
Jan 28 13:21:08 cu-cs-vm kernel: [    0.000000] Disabled fast string operations
Jan 28 13:21:08 cu-cs-vm kernel: [    0.000000] x86/fpu: Supporting XSAVE feature 0x001: 'x87 floating point registers'
Jan 28 13:21:08 cu-cs-vm kernel: [    0.000000] x86/fpu: Supporting XSAVE feature 0x002: 'SSE registers'
Jan 28 13:21:08 cu-cs-vm kernel: [    0.000000] x86/fpu: Supporting XSAVE feature 0x004: 'AVX registers'
Jan 28 13:21:08 cu-cs-vm kernel: [    0.000000] x86/fpu: xstate_offset[2]:  576, xstate_sizes[2]:  256
Jan 28 13:21:08 cu-cs-vm kernel: [    0.000000] x86/fpu: Enabled xstate features 0x7, context size is 832 bytes, using 'standard' format.
Jan 28 13:21:08 cu-cs-vm kernel: [    0.000000] e820: BIOS-provided physical RAM map:
Jan 28 13:21:08 cu-cs-vm kernel: [    0.000000] BIOS-e820: [mem 0x0000000000000000-0x000000000009e7ff] usable
Jan 28 13:21:08 cu-cs-vm kernel: [    0.000000] BIOS-e820: [mem 0x000000000009e800-0x000000000009ffff] reserved
Jan 28 13:21:08 cu-cs-vm kernel: [    0.000000] BIOS-e820: [mem 0x00000000000dc000-0x00000000000fffff] reserved
Jan 28 13:21:08 cu-cs-vm kernel: [    0.000000] BIOS-e820: [mem 0x0000000000100000-0x000000007fedffff] usable
Jan 28 13:21:08 cu-cs-vm kernel: [    0.000000] BIOS-e820: [mem 0x000000007fee0000-0x000000007fefefff] ACPI data
Jan 28 13:21:08 cu-cs-vm kernel: [    0.000000] BIOS-e820: [mem 0x000000007feff000-0x000000007fefffff] ACPI NVS
Jan 28 13:21:08 cu-cs-vm kernel: [    0.000000] BIOS-e820: [mem 0x000000007ff00000-0x000000007fffffff] usable
Jan 28 13:21:08 cu-cs-vm kernel: [    0.000000] BIOS-e820: [mem 0x00000000f0000000-0x00000000f7ffffff] reserved
Jan 28 13:21:08 cu-cs-vm kernel: [    0.000000] BIOS-e820: [mem 0x00000000fec00000-0x00000000fec0ffff] reserved
Jan 28 13:21:08 cu-cs-vm kernel: [    0.000000] BIOS-e820: [mem 0x00000000fee00000-0x00000000fee00fff] reserved
Jan 28 13:21:08 cu-cs-vm kernel: [    0.000000] BIOS-e820: [mem 0x00000000fffe0000-0x00000000ffffffff] reserved
Jan 28 13:21:08 cu-cs-vm kernel: [    0.000000] NX (Execute Disable) protection: active
Jan 28 13:21:08 cu-cs-vm kernel: [    0.000000] SMBIOS 2.7 present.
Jan 28 13:21:08 cu-cs-vm kernel: [    0.000000] DMI: VMware, Inc. VMware Virtual Platform/440BX Desktop Reference Platform, BIOS 6.00 05/19/2017
Jan 28 13:21:08 cu-cs-vm kernel: [    0.000000] Hypervisor detected: VMware
Jan 28 13:21:08 cu-cs-vm kernel: [    0.000000] vmware: TSC freq read from hypervisor : 1992.003 MHz
Jan 28 13:21:08 cu-cs-vm kernel: [    0.000000] vmware: Host bus clock speed read from hypervisor : 66000000 Hz
Jan 28 13:21:08 cu-cs-vm kernel: [    0.000000] vmware: using sched offset of 16603035569 ns
Jan 28 13:21:08 cu-cs-vm kernel: [    0.000000] e820: update [mem 0x00000000-0x00000fff] usable ==> reserved
Jan 28 13:21:08 cu-cs-vm kernel: [    0.000000] e820: remove [mem 0x000a0000-0x000fffff] usable
Jan 28 13:21:08 cu-cs-vm kernel: [    0.000000] e820: last_pfn = 0x80000 max_arch_pfn = 0x400000000
Jan 28 13:21:08 cu-cs-vm kernel: [    0.000000] MTRR default type: uncachable
Jan 28 13:21:08 cu-cs-vm kernel: [    0.000000] MTRR fixed ranges enabled:
Jan 28 13:21:08 cu-cs-vm kernel: [    0.000000]   00000-9FFFF write-back
Jan 28 13:21:08 cu-cs-vm kernel: [    0.000000]   A0000-BFFFF uncachable
Jan 28 13:21:08 cu-cs-vm kernel: [    0.000000]   C0000-C7FFF write-protect
Jan 28 13:21:08 cu-cs-vm kernel: [    0.000000]   C8000-CBFFF write-back
Jan 28 13:21:08 cu-cs-vm kernel: [    0.000000]   CC000-EFFFF uncachable
Jan 28 13:21:08 cu-cs-vm kernel: [    0.000000]   F0000-FFFFF write-protect
Jan 28 13:21:08 cu-cs-vm kernel: [    0.000000] MTRR variable ranges enabled:
Jan 28 13:21:08 cu-cs-vm kernel: [    0.000000]   0 base 000C0000000 mask 3FFC0000000 uncachable
Jan 28 13:21:08 cu-cs-vm kernel: [    0.000000]   1 base 00000000000 mask 3FF00000000 write-back
Jan 28 13:21:08 cu-cs-vm kernel: [    0.000000]   2 disabled
Jan 28 13:21:08 cu-cs-vm kernel: [    0.000000]   3 disabled
Jan 28 13:21:08 cu-cs-vm kernel: [    0.000000]   4 disabled
Jan 28 13:21:08 cu-cs-vm kernel: [    0.000000]   5 disabled
Jan 28 13:21:08 cu-cs-vm kernel: [    0.000000]   6 disabled
Jan 28 13:21:08 cu-cs-vm kernel: [    0.000000]   7 disabled
Jan 28 13:21:08 cu-cs-vm kernel: [    0.000000] x86/PAT: Configuration [0-7]: WB  WC  UC- UC  WB  WP  UC- WT  
Jan 28 13:21:08 cu-cs-vm kernel: [    0.000000] total RAM covered: 3072M
Jan 28 13:21:08 cu-cs-vm kernel: [    0.000000] Found optimal setting for mtrr clean up
Jan 28 13:21:08 cu-cs-vm kernel: [    0.000000]  gran_size: 64K 	chunk_size: 64K 	num_reg: 2  	lose cover RAM: 0G
Jan 28 13:21:08 cu-cs-vm kernel: [    0.000000] found SMP MP-table at [mem 0x000f6a80-0x000f6a8f] mapped at [        (ptrval)]
Jan 28 13:21:08 cu-cs-vm kernel: [    0.000000] Scanning 1 areas for low memory corruption
Jan 28 13:21:08 cu-cs-vm kernel: [    0.000000] Base memory trampoline at [        (ptrval)] 98000 size 24576
Jan 28 13:21:08 cu-cs-vm kernel: [    0.000000] Using GB pages for direct mapping
Jan 28 13:21:08 cu-cs-vm kernel: [    0.000000] BRK [0x0fd40000, 0x0fd40fff] PGTABLE
Jan 28 13:21:08 cu-cs-vm kernel: [    0.000000] BRK [0x0fd41000, 0x0fd41fff] PGTABLE
Jan 28 13:21:08 cu-cs-vm kernel: [    0.000000] BRK [0x0fd42000, 0x0fd42fff] PGTABLE
Jan 28 13:21:08 cu-cs-vm kernel: [    0.000000] BRK [0x0fd43000, 0x0fd43fff] PGTABLE
Jan 28 13:21:08 cu-cs-vm kernel: [    0.000000] BRK [0x0fd44000, 0x0fd44fff] PGTABLE
Jan 28 13:21:08 cu-cs-vm kernel: [    0.000000] BRK [0x0fd45000, 0x0fd45fff] PGTABLE
Jan 28 13:21:08 cu-cs-vm kernel: [    0.000000] RAMDISK: [mem 0x1d1d3000-0x37feffff]
Jan 28 13:21:08 cu-cs-vm kernel: [    0.000000] ACPI: Early table checksum verification disabled
Jan 28 13:21:08 cu-cs-vm kernel: [    0.000000] ACPI: RSDP 0x00000000000F6A10 000024 (v02 PTLTD )
Jan 28 13:21:08 cu-cs-vm kernel: [    0.000000] ACPI: XSDT 0x000000007FEEA69F 000054 (v01 INTEL  440BX    06040000 VMW  01324272)
Jan 28 13:21:08 cu-cs-vm kernel: [    0.000000] ACPI: FACP 0x000000007FEFEE73 0000F4 (v04 INTEL  440BX    06040000 PTL  000F4240)
Jan 28 13:21:08 cu-cs-vm kernel: [    0.000000] ACPI: DSDT 0x000000007FEEBE8F 012FE4 (v01 PTLTD  Custom   06040000 MSFT 03000001)
Jan 28 13:21:08 cu-cs-vm kernel: [    0.000000] ACPI: FACS 0x000000007FEFFFC0 000040
Jan 28 13:21:08 cu-cs-vm kernel: [    0.000000] ACPI: FACS 0x000000007FEFFFC0 000040
Jan 28 13:21:08 cu-cs-vm kernel: [    0.000000] ACPI: BOOT 0x000000007FEEBE67 000028 (v01 PTLTD  $SBFTBL$ 06040000  LTP 00000001)
Jan 28 13:21:08 cu-cs-vm kernel: [    0.000000] ACPI: APIC 0x000000007FEEB725 000742 (v01 PTLTD  ? APIC   06040000  LTP 00000000)
Jan 28 13:21:08 cu-cs-vm kernel: [    0.000000] ACPI: MCFG 0x000000007FEEB6E9 00003C (v01 PTLTD  $PCITBL$ 06040000  LTP 00000001)
Jan 28 13:21:08 cu-cs-vm kernel: [    0.000000] ACPI: SRAT 0x000000007FEEA757 0008A8 (v02 VMWARE MEMPLUG  06040000 VMW  00000001)
Jan 28 13:21:08 cu-cs-vm kernel: [    0.000000] ACPI: WAET 0x000000007FEEA72F 000028 (v01 VMWARE VMW WAET 06040000 VMW  00000001)
Jan 28 13:21:08 cu-cs-vm kernel: [    0.000000] ACPI: Local APIC address 0xfee00000
Jan 28 13:21:08 cu-cs-vm kernel: [    0.000000] system APIC only can use physical flat
Jan 28 13:21:08 cu-cs-vm kernel: [    0.000000] Setting APIC routing to physical flat.
Jan 28 13:21:08 cu-cs-vm kernel: [    0.000000] SRAT: PXM 0 -> APIC 0x00 -> Node 0
Jan 28 13:21:08 cu-cs-vm kernel: [    0.000000] SRAT: PXM 0 -> APIC 0x02 -> Node 0
Jan 28 13:21:08 cu-cs-vm kernel: [    0.000000] SRAT: PXM 0 -> APIC 0x04 -> Node 0
Jan 28 13:21:08 cu-cs-vm kernel: [    0.000000] SRAT: PXM 0 -> APIC 0x06 -> Node 0
Jan 28 13:21:08 cu-cs-vm kernel: [    0.000000] SRAT: PXM 0 -> APIC 0x08 -> Node 0
Jan 28 13:21:08 cu-cs-vm kernel: [    0.000000] SRAT: PXM 0 -> APIC 0x0a -> Node 0
Jan 28 13:21:08 cu-cs-vm kernel: [    0.000000] SRAT: PXM 0 -> APIC 0x0c -> Node 0
Jan 28 13:21:08 cu-cs-vm kernel: [    0.000000] SRAT: PXM 0 -> APIC 0x0e -> Node 0
Jan 28 13:21:08 cu-cs-vm kernel: [    0.000000] SRAT: PXM 0 -> APIC 0x10 -> Node 0
Jan 28 13:21:08 cu-cs-vm kernel: [    0.000000] SRAT: PXM 0 -> APIC 0x12 -> Node 0
Jan 28 13:21:08 cu-cs-vm kernel: [    0.000000] SRAT: PXM 0 -> APIC 0x14 -> Node 0
Jan 28 13:21:08 cu-cs-vm kernel: [    0.000000] SRAT: PXM 0 -> APIC 0x16 -> Node 0
Jan 28 13:21:08 cu-cs-vm kernel: [    0.000000] SRAT: PXM 0 -> APIC 0x18 -> Node 0
Jan 28 13:21:08 cu-cs-vm kernel: [    0.000000] SRAT: PXM 0 -> APIC 0x1a -> Node 0
Jan 28 13:21:08 cu-cs-vm kernel: [    0.000000] SRAT: PXM 0 -> APIC 0x1c -> Node 0
Jan 28 13:21:08 cu-cs-vm kernel: [    0.000000] SRAT: PXM 0 -> APIC 0x1e -> Node 0
Jan 28 13:21:08 cu-cs-vm kernel: [    0.000000] SRAT: PXM 0 -> APIC 0x20 -> Node 0
Jan 28 13:21:08 cu-cs-vm kernel: [    0.000000] SRAT: PXM 0 -> APIC 0x22 -> Node 0
Jan 28 13:21:08 cu-cs-vm kernel: [    0.000000] SRAT: PXM 0 -> APIC 0x24 -> Node 0
Jan 28 13:21:08 cu-cs-vm kernel: [    0.000000] SRAT: PXM 0 -> APIC 0x26 -> Node 0
Jan 28 13:21:08 cu-cs-vm kernel: [    0.000000] SRAT: PXM 0 -> APIC 0x28 -> Node 0
Jan 28 13:21:08 cu-cs-vm kernel: [    0.000000] SRAT: PXM 0 -> APIC 0x2a -> Node 0
Jan 28 13:21:08 cu-cs-vm kernel: [    0.000000] SRAT: PXM 0 -> APIC 0x2c -> Node 0
Jan 28 13:21:08 cu-cs-vm kernel: [    0.000000] SRAT: PXM 0 -> APIC 0x2e -> Node 0
Jan 28 13:21:08 cu-cs-vm kernel: [    0.000000] SRAT: PXM 0 -> APIC 0x30 -> Node 0
Jan 28 13:21:08 cu-cs-vm kernel: [    0.000000] SRAT: PXM 0 -> APIC 0x32 -> Node 0
Jan 28 13:21:08 cu-cs-vm kernel: [    0.000000] SRAT: PXM 0 -> APIC 0x34 -> Node 0
Jan 28 13:21:08 cu-cs-vm kernel: [    0.000000] SRAT: PXM 0 -> APIC 0x36 -> Node 0
Jan 28 13:21:08 cu-cs-vm kernel: [    0.000000] SRAT: PXM 0 -> APIC 0x38 -> Node 0
Jan 28 13:21:08 cu-cs-vm kernel: [    0.000000] SRAT: PXM 0 -> APIC 0x3a -> Node 0
Jan 28 13:21:08 cu-cs-vm kernel: [    0.000000] SRAT: PXM 0 -> APIC 0x3c -> Node 0
Jan 28 13:21:08 cu-cs-vm kernel: [    0.000000] SRAT: PXM 0 -> APIC 0x3e -> Node 0
Jan 28 13:21:08 cu-cs-vm kernel: [    0.000000] SRAT: PXM 0 -> APIC 0x40 -> Node 0
Jan 28 13:21:08 cu-cs-vm kernel: [    0.000000] SRAT: PXM 0 -> APIC 0x42 -> Node 0
Jan 28 13:21:08 cu-cs-vm kernel: [    0.000000] SRAT: PXM 0 -> APIC 0x44 -> Node 0
Jan 28 13:21:08 cu-cs-vm kernel: [    0.000000] SRAT: PXM 0 -> APIC 0x46 -> Node 0
Jan 28 13:21:08 cu-cs-vm kernel: [    0.000000] SRAT: PXM 0 -> APIC 0x48 -> Node 0
Jan 28 13:21:08 cu-cs-vm kernel: [    0.000000] SRAT: PXM 0 -> APIC 0x4a -> Node 0
Jan 28 13:21:08 cu-cs-vm kernel: [    0.000000] SRAT: PXM 0 -> APIC 0x4c -> Node 0
Jan 28 13:21:08 cu-cs-vm kernel: [    0.000000] SRAT: PXM 0 -> APIC 0x4e -> Node 0
Jan 28 13:21:08 cu-cs-vm kernel: [    0.000000] SRAT: PXM 0 -> APIC 0x50 -> Node 0
Jan 28 13:21:08 cu-cs-vm kernel: [    0.000000] SRAT: PXM 0 -> APIC 0x52 -> Node 0
Jan 28 13:21:08 cu-cs-vm kernel: [    0.000000] SRAT: PXM 0 -> APIC 0x54 -> Node 0
Jan 28 13:21:08 cu-cs-vm kernel: [    0.000000] SRAT: PXM 0 -> APIC 0x56 -> Node 0
Jan 28 13:21:08 cu-cs-vm kernel: [    0.000000] SRAT: PXM 0 -> APIC 0x58 -> Node 0
Jan 28 13:21:08 cu-cs-vm kernel: [    0.000000] SRAT: PXM 0 -> APIC 0x5a -> Node 0
Jan 28 13:21:08 cu-cs-vm kernel: [    0.000000] SRAT: PXM 0 -> APIC 0x5c -> Node 0
Jan 28 13:21:08 cu-cs-vm kernel: [    0.000000] SRAT: PXM 0 -> APIC 0x5e -> Node 0
Jan 28 13:21:08 cu-cs-vm kernel: [    0.000000] SRAT: PXM 0 -> APIC 0x60 -> Node 0
Jan 28 13:21:08 cu-cs-vm kernel: [    0.000000] SRAT: PXM 0 -> APIC 0x62 -> Node 0
Jan 28 13:21:08 cu-cs-vm kernel: [    0.000000] SRAT: PXM 0 -> APIC 0x64 -> Node 0
Jan 28 13:21:08 cu-cs-vm kernel: [    0.000000] SRAT: PXM 0 -> APIC 0x66 -> Node 0
Jan 28 13:21:08 cu-cs-vm kernel: [    0.000000] SRAT: PXM 0 -> APIC 0x68 -> Node 0
Jan 28 13:21:08 cu-cs-vm kernel: [    0.000000] SRAT: PXM 0 -> APIC 0x6a -> Node 0
Jan 28 13:21:08 cu-cs-vm kernel: [    0.000000] SRAT: PXM 0 -> APIC 0x6c -> Node 0
Jan 28 13:21:08 cu-cs-vm kernel: [    0.000000] SRAT: PXM 0 -> APIC 0x6e -> Node 0
Jan 28 13:21:08 cu-cs-vm kernel: [    0.000000] SRAT: PXM 0 -> APIC 0x70 -> Node 0
Jan 28 13:21:08 cu-cs-vm kernel: [    0.000000] SRAT: PXM 0 -> APIC 0x72 -> Node 0
Jan 28 13:21:08 cu-cs-vm kernel: [    0.000000] SRAT: PXM 0 -> APIC 0x74 -> Node 0
Jan 28 13:21:08 cu-cs-vm kernel: [    0.000000] SRAT: PXM 0 -> APIC 0x76 -> Node 0
Jan 28 13:21:08 cu-cs-vm kernel: [    0.000000] SRAT: PXM 0 -> APIC 0x78 -> Node 0
Jan 28 13:21:08 cu-cs-vm kernel: [    0.000000] SRAT: PXM 0 -> APIC 0x7a -> Node 0
Jan 28 13:21:08 cu-cs-vm kernel: [    0.000000] SRAT: PXM 0 -> APIC 0x7c -> Node 0
Jan 28 13:21:08 cu-cs-vm kernel: [    0.000000] SRAT: PXM 0 -> APIC 0x7e -> Node 0
Jan 28 13:21:08 cu-cs-vm kernel: [    0.000000] SRAT: PXM 0 -> APIC 0x80 -> Node 0
Jan 28 13:21:08 cu-cs-vm kernel: [    0.000000] SRAT: PXM 0 -> APIC 0x82 -> Node 0
Jan 28 13:21:08 cu-cs-vm kernel: [    0.000000] SRAT: PXM 0 -> APIC 0x84 -> Node 0
Jan 28 13:21:08 cu-cs-vm kernel: [    0.000000] SRAT: PXM 0 -> APIC 0x86 -> Node 0
Jan 28 13:21:08 cu-cs-vm kernel: [    0.000000] SRAT: PXM 0 -> APIC 0x88 -> Node 0
Jan 28 13:21:08 cu-cs-vm kernel: [    0.000000] SRAT: PXM 0 -> APIC 0x8a -> Node 0
Jan 28 13:21:08 cu-cs-vm kernel: [    0.000000] SRAT: PXM 0 -> APIC 0x8c -> Node 0
Jan 28 13:21:08 cu-cs-vm kernel: [    0.000000] SRAT: PXM 0 -> APIC 0x8e -> Node 0
Jan 28 13:21:08 cu-cs-vm kernel: [    0.000000] SRAT: PXM 0 -> APIC 0x90 -> Node 0
Jan 28 13:21:08 cu-cs-vm kernel: [    0.000000] SRAT: PXM 0 -> APIC 0x92 -> Node 0
Jan 28 13:21:08 cu-cs-vm kernel: [    0.000000] SRAT: PXM 0 -> APIC 0x94 -> Node 0
Jan 28 13:21:08 cu-cs-vm kernel: [    0.000000] SRAT: PXM 0 -> APIC 0x96 -> Node 0
Jan 28 13:21:08 cu-cs-vm kernel: [    0.000000] SRAT: PXM 0 -> APIC 0x98 -> Node 0
Jan 28 13:21:08 cu-cs-vm kernel: [    0.000000] SRAT: PXM 0 -> APIC 0x9a -> Node 0
Jan 28 13:21:08 cu-cs-vm kernel: [    0.000000] SRAT: PXM 0 -> APIC 0x9c -> Node 0
Jan 28 13:21:08 cu-cs-vm kernel: [    0.000000] SRAT: PXM 0 -> APIC 0x9e -> Node 0
Jan 28 13:21:08 cu-cs-vm kernel: [    0.000000] SRAT: PXM 0 -> APIC 0xa0 -> Node 0
Jan 28 13:21:08 cu-cs-vm kernel: [    0.000000] SRAT: PXM 0 -> APIC 0xa2 -> Node 0
Jan 28 13:21:08 cu-cs-vm kernel: [    0.000000] SRAT: PXM 0 -> APIC 0xa4 -> Node 0
Jan 28 13:21:08 cu-cs-vm kernel: [    0.000000] SRAT: PXM 0 -> APIC 0xa6 -> Node 0
Jan 28 13:21:08 cu-cs-vm kernel: [    0.000000] SRAT: PXM 0 -> APIC 0xa8 -> Node 0
Jan 28 13:21:08 cu-cs-vm kernel: [    0.000000] SRAT: PXM 0 -> APIC 0xaa -> Node 0
Jan 28 13:21:08 cu-cs-vm kernel: [    0.000000] SRAT: PXM 0 -> APIC 0xac -> Node 0
Jan 28 13:21:08 cu-cs-vm kernel: [    0.000000] SRAT: PXM 0 -> APIC 0xae -> Node 0
Jan 28 13:21:08 cu-cs-vm kernel: [    0.000000] SRAT: PXM 0 -> APIC 0xb0 -> Node 0
Jan 28 13:21:08 cu-cs-vm kernel: [    0.000000] SRAT: PXM 0 -> APIC 0xb2 -> Node 0
Jan 28 13:21:08 cu-cs-vm kernel: [    0.000000] SRAT: PXM 0 -> APIC 0xb4 -> Node 0
Jan 28 13:21:08 cu-cs-vm kernel: [    0.000000] SRAT: PXM 0 -> APIC 0xb6 -> Node 0
Jan 28 13:21:08 cu-cs-vm kernel: [    0.000000] SRAT: PXM 0 -> APIC 0xb8 -> Node 0
Jan 28 13:21:08 cu-cs-vm kernel: [    0.000000] SRAT: PXM 0 -> APIC 0xba -> Node 0
Jan 28 13:21:08 cu-cs-vm kernel: [    0.000000] SRAT: PXM 0 -> APIC 0xbc -> Node 0
Jan 28 13:21:08 cu-cs-vm kernel: [    0.000000] SRAT: PXM 0 -> APIC 0xbe -> Node 0
Jan 28 13:21:08 cu-cs-vm kernel: [    0.000000] SRAT: PXM 0 -> APIC 0xc0 -> Node 0
Jan 28 13:21:08 cu-cs-vm kernel: [    0.000000] SRAT: PXM 0 -> APIC 0xc2 -> Node 0
Jan 28 13:21:08 cu-cs-vm kernel: [    0.000000] SRAT: PXM 0 -> APIC 0xc4 -> Node 0
Jan 28 13:21:08 cu-cs-vm kernel: [    0.000000] SRAT: PXM 0 -> APIC 0xc6 -> Node 0
Jan 28 13:21:08 cu-cs-vm kernel: [    0.000000] SRAT: PXM 0 -> APIC 0xc8 -> Node 0
Jan 28 13:21:08 cu-cs-vm kernel: [    0.000000] SRAT: PXM 0 -> APIC 0xca -> Node 0
Jan 28 13:21:08 cu-cs-vm kernel: [    0.000000] SRAT: PXM 0 -> APIC 0xcc -> Node 0
Jan 28 13:21:08 cu-cs-vm kernel: [    0.000000] SRAT: PXM 0 -> APIC 0xce -> Node 0
Jan 28 13:21:08 cu-cs-vm kernel: [    0.000000] SRAT: PXM 0 -> APIC 0xd0 -> Node 0
Jan 28 13:21:08 cu-cs-vm kernel: [    0.000000] SRAT: PXM 0 -> APIC 0xd2 -> Node 0
Jan 28 13:21:08 cu-cs-vm kernel: [    0.000000] SRAT: PXM 0 -> APIC 0xd4 -> Node 0
Jan 28 13:21:08 cu-cs-vm kernel: [    0.000000] SRAT: PXM 0 -> APIC 0xd6 -> Node 0
Jan 28 13:21:08 cu-cs-vm kernel: [    0.000000] SRAT: PXM 0 -> APIC 0xd8 -> Node 0
Jan 28 13:21:08 cu-cs-vm kernel: [    0.000000] SRAT: PXM 0 -> APIC 0xda -> Node 0
Jan 28 13:21:08 cu-cs-vm kernel: [    0.000000] SRAT: PXM 0 -> APIC 0xdc -> Node 0
Jan 28 13:21:08 cu-cs-vm kernel: [    0.000000] SRAT: PXM 0 -> APIC 0xde -> Node 0
Jan 28 13:21:08 cu-cs-vm kernel: [    0.000000] SRAT: PXM 0 -> APIC 0xe0 -> Node 0
Jan 28 13:21:08 cu-cs-vm kernel: [    0.000000] SRAT: PXM 0 -> APIC 0xe2 -> Node 0
Jan 28 13:21:08 cu-cs-vm kernel: [    0.000000] SRAT: PXM 0 -> APIC 0xe4 -> Node 0
Jan 28 13:21:08 cu-cs-vm kernel: [    0.000000] SRAT: PXM 0 -> APIC 0xe6 -> Node 0
Jan 28 13:21:08 cu-cs-vm kernel: [    0.000000] SRAT: PXM 0 -> APIC 0xe8 -> Node 0
Jan 28 13:21:08 cu-cs-vm kernel: [    0.000000] SRAT: PXM 0 -> APIC 0xea -> Node 0
Jan 28 13:21:08 cu-cs-vm kernel: [    0.000000] SRAT: PXM 0 -> APIC 0xec -> Node 0
Jan 28 13:21:08 cu-cs-vm kernel: [    0.000000] SRAT: PXM 0 -> APIC 0xee -> Node 0
Jan 28 13:21:08 cu-cs-vm kernel: [    0.000000] SRAT: PXM 0 -> APIC 0xf0 -> Node 0
Jan 28 13:21:08 cu-cs-vm kernel: [    0.000000] SRAT: PXM 0 -> APIC 0xf2 -> Node 0
Jan 28 13:21:08 cu-cs-vm kernel: [    0.000000] SRAT: PXM 0 -> APIC 0xf4 -> Node 0
Jan 28 13:21:08 cu-cs-vm kernel: [    0.000000] SRAT: PXM 0 -> APIC 0xf6 -> Node 0
Jan 28 13:21:08 cu-cs-vm kernel: [    0.000000] SRAT: PXM 0 -> APIC 0xf8 -> Node 0
Jan 28 13:21:08 cu-cs-vm kernel: [    0.000000] SRAT: PXM 0 -> APIC 0xfa -> Node 0
Jan 28 13:21:08 cu-cs-vm kernel: [    0.000000] SRAT: PXM 0 -> APIC 0xfc -> Node 0
Jan 28 13:21:08 cu-cs-vm kernel: [    0.000000] SRAT: PXM 0 -> APIC 0xfe -> Node 0
Jan 28 13:21:08 cu-cs-vm kernel: [    0.000000] ACPI: SRAT: Node 0 PXM 0 [mem 0x00000000-0x0009ffff]
Jan 28 13:21:08 cu-cs-vm kernel: [    0.000000] ACPI: SRAT: Node 0 PXM 0 [mem 0x00100000-0x7fffffff]
Jan 28 13:21:08 cu-cs-vm kernel: [    0.000000] ACPI: SRAT: Node 0 PXM 0 [mem 0x80000000-0xbfffffff] hotplug
Jan 28 13:21:08 cu-cs-vm kernel: [    0.000000] NUMA: Node 0 [mem 0x00000000-0x0009ffff] + [mem 0x00100000-0x7fffffff] -> [mem 0x00000000-0x7fffffff]
Jan 28 13:21:08 cu-cs-vm kernel: [    0.000000] NODE_DATA(0) allocated [mem 0x7ffd5000-0x7fffffff]
Jan 28 13:21:08 cu-cs-vm kernel: [    0.000000] Zone ranges:
Jan 28 13:21:08 cu-cs-vm kernel: [    0.000000]   DMA      [mem 0x0000000000001000-0x0000000000ffffff]
Jan 28 13:21:08 cu-cs-vm kernel: [    0.000000]   DMA32    [mem 0x0000000001000000-0x000000007fffffff]
Jan 28 13:21:08 cu-cs-vm kernel: [    0.000000]   Normal   empty
Jan 28 13:21:08 cu-cs-vm kernel: [    0.000000]   Device   empty
Jan 28 13:21:08 cu-cs-vm kernel: [    0.000000] Movable zone start for each node
Jan 28 13:21:08 cu-cs-vm kernel: [    0.000000] Early memory node ranges
Jan 28 13:21:08 cu-cs-vm kernel: [    0.000000]   node   0: [mem 0x0000000000001000-0x000000000009dfff]
Jan 28 13:21:08 cu-cs-vm kernel: [    0.000000]   node   0: [mem 0x0000000000100000-0x000000007fedffff]
Jan 28 13:21:08 cu-cs-vm kernel: [    0.000000]   node   0: [mem 0x000000007ff00000-0x000000007fffffff]
Jan 28 13:21:08 cu-cs-vm kernel: [    0.000000] Initmem setup node 0 [mem 0x0000000000001000-0x000000007fffffff]
Jan 28 13:21:08 cu-cs-vm kernel: [    0.000000] On node 0 totalpages: 524157
Jan 28 13:21:08 cu-cs-vm kernel: [    0.000000]   DMA zone: 64 pages used for memmap
Jan 28 13:21:08 cu-cs-vm kernel: [    0.000000]   DMA zone: 21 pages reserved
Jan 28 13:21:08 cu-cs-vm kernel: [    0.000000]   DMA zone: 3997 pages, LIFO batch:0
Jan 28 13:21:08 cu-cs-vm kernel: [    0.000000]   DMA32 zone: 8128 pages used for memmap
Jan 28 13:21:08 cu-cs-vm kernel: [    0.000000]   DMA32 zone: 520160 pages, LIFO batch:31
Jan 28 13:21:08 cu-cs-vm kernel: [    0.000000] Reserved but unavailable: 99 pages
Jan 28 13:21:08 cu-cs-vm kernel: [    0.000000] ACPI: PM-Timer IO Port: 0x1008
Jan 28 13:21:08 cu-cs-vm kernel: [    0.000000] ACPI: Local APIC address 0xfee00000
Jan 28 13:21:08 cu-cs-vm kernel: [    0.000000] system APIC only can use physical flat
Jan 28 13:21:08 cu-cs-vm kernel: [    0.000000] ACPI: LAPIC_NMI (acpi_id[0x00] high edge lint[0x1])
Jan 28 13:21:08 cu-cs-vm kernel: [    0.000000] ACPI: LAPIC_NMI (acpi_id[0x01] high edge lint[0x1])
Jan 28 13:21:08 cu-cs-vm kernel: [    0.000000] ACPI: LAPIC_NMI (acpi_id[0x02] high edge lint[0x1])
Jan 28 13:21:08 cu-cs-vm kernel: [    0.000000] ACPI: LAPIC_NMI (acpi_id[0x03] high edge lint[0x1])
Jan 28 13:21:08 cu-cs-vm kernel: [    0.000000] ACPI: LAPIC_NMI (acpi_id[0x04] high edge lint[0x1])
Jan 28 13:21:08 cu-cs-vm kernel: [    0.000000] ACPI: LAPIC_NMI (acpi_id[0x05] high edge lint[0x1])
Jan 28 13:21:08 cu-cs-vm kernel: [    0.000000] ACPI: LAPIC_NMI (acpi_id[0x06] high edge lint[0x1])
Jan 28 13:21:08 cu-cs-vm kernel: [    0.000000] ACPI: LAPIC_NMI (acpi_id[0x07] high edge lint[0x1])
Jan 28 13:21:08 cu-cs-vm kernel: [    0.000000] ACPI: LAPIC_NMI (acpi_id[0x08] high edge lint[0x1])
Jan 28 13:21:08 cu-cs-vm kernel: [    0.000000] ACPI: LAPIC_NMI (acpi_id[0x09] high edge lint[0x1])
Jan 28 13:21:08 cu-cs-vm kernel: [    0.000000] ACPI: LAPIC_NMI (acpi_id[0x0a] high edge lint[0x1])
Jan 28 13:21:08 cu-cs-vm kernel: [    0.000000] ACPI: LAPIC_NMI (acpi_id[0x0b] high edge lint[0x1])
Jan 28 13:21:08 cu-cs-vm kernel: [    0.000000] ACPI: LAPIC_NMI (acpi_id[0x0c] high edge lint[0x1])
Jan 28 13:21:08 cu-cs-vm kernel: [    0.000000] ACPI: LAPIC_NMI (acpi_id[0x0d] high edge lint[0x1])
Jan 28 13:21:08 cu-cs-vm kernel: [    0.000000] ACPI: LAPIC_NMI (acpi_id[0x0e] high edge lint[0x1])
Jan 28 13:21:08 cu-cs-vm kernel: [    0.000000] ACPI: LAPIC_NMI (acpi_id[0x0f] high edge lint[0x1])
Jan 28 13:21:08 cu-cs-vm kernel: [    0.000000] ACPI: LAPIC_NMI (acpi_id[0x10] high edge lint[0x1])
Jan 28 13:21:08 cu-cs-vm kernel: [    0.000000] ACPI: LAPIC_NMI (acpi_id[0x11] high edge lint[0x1])
Jan 28 13:21:08 cu-cs-vm kernel: [    0.000000] ACPI: LAPIC_NMI (acpi_id[0x12] high edge lint[0x1])
Jan 28 13:21:08 cu-cs-vm kernel: [    0.000000] ACPI: LAPIC_NMI (acpi_id[0x13] high edge lint[0x1])
Jan 28 13:21:08 cu-cs-vm kernel: [    0.000000] ACPI: LAPIC_NMI (acpi_id[0x14] high edge lint[0x1])
Jan 28 13:21:08 cu-cs-vm kernel: [    0.000000] ACPI: LAPIC_NMI (acpi_id[0x15] high edge lint[0x1])
Jan 28 13:21:08 cu-cs-vm kernel: [    0.000000] ACPI: LAPIC_NMI (acpi_id[0x16] high edge lint[0x1])
Jan 28 13:21:08 cu-cs-vm kernel: [    0.000000] ACPI: LAPIC_NMI (acpi_id[0x17] high edge lint[0x1])
Jan 28 13:21:08 cu-cs-vm kernel: [    0.000000] ACPI: LAPIC_NMI (acpi_id[0x18] high edge lint[0x1])
Jan 28 13:21:08 cu-cs-vm kernel: [    0.000000] ACPI: LAPIC_NMI (acpi_id[0x19] high edge lint[0x1])
Jan 28 13:21:08 cu-cs-vm kernel: [    0.000000] ACPI: LAPIC_NMI (acpi_id[0x1a] high edge lint[0x1])
Jan 28 13:21:08 cu-cs-vm kernel: [    0.000000] ACPI: LAPIC_NMI (acpi_id[0x1b] high edge lint[0x1])
Jan 28 13:21:08 cu-cs-vm kernel: [    0.000000] ACPI: LAPIC_NMI (acpi_id[0x1c] high edge lint[0x1])
Jan 28 13:21:08 cu-cs-vm kernel: [    0.000000] ACPI: LAPIC_NMI (acpi_id[0x1d] high edge lint[0x1])
Jan 28 13:21:08 cu-cs-vm kernel: [    0.000000] ACPI: LAPIC_NMI (acpi_id[0x1e] high edge lint[0x1])
Jan 28 13:21:08 cu-cs-vm kernel: [    0.000000] ACPI: LAPIC_NMI (acpi_id[0x1f] high edge lint[0x1])
Jan 28 13:21:08 cu-cs-vm kernel: [    0.000000] ACPI: LAPIC_NMI (acpi_id[0x20] high edge lint[0x1])
Jan 28 13:21:08 cu-cs-vm kernel: [    0.000000] ACPI: LAPIC_NMI (acpi_id[0x21] high edge lint[0x1])
Jan 28 13:21:08 cu-cs-vm kernel: [    0.000000] ACPI: LAPIC_NMI (acpi_id[0x22] high edge lint[0x1])
Jan 28 13:21:08 cu-cs-vm kernel: [    0.000000] ACPI: LAPIC_NMI (acpi_id[0x23] high edge lint[0x1])
Jan 28 13:21:08 cu-cs-vm kernel: [    0.000000] ACPI: LAPIC_NMI (acpi_id[0x24] high edge lint[0x1])
Jan 28 13:21:08 cu-cs-vm kernel: [    0.000000] ACPI: LAPIC_NMI (acpi_id[0x25] high edge lint[0x1])
Jan 28 13:21:08 cu-cs-vm kernel: [    0.000000] ACPI: LAPIC_NMI (acpi_id[0x26] high edge lint[0x1])
Jan 28 13:21:08 cu-cs-vm kernel: [    0.000000] ACPI: LAPIC_NMI (acpi_id[0x27] high edge lint[0x1])
Jan 28 13:21:08 cu-cs-vm kernel: [    0.000000] ACPI: LAPIC_NMI (acpi_id[0x28] high edge lint[0x1])
Jan 28 13:21:08 cu-cs-vm kernel: [    0.000000] ACPI: LAPIC_NMI (acpi_id[0x29] high edge lint[0x1])
Jan 28 13:21:08 cu-cs-vm kernel: [    0.000000] ACPI: LAPIC_NMI (acpi_id[0x2a] high edge lint[0x1])
Jan 28 13:21:08 cu-cs-vm kernel: [    0.000000] ACPI: LAPIC_NMI (acpi_id[0x2b] high edge lint[0x1])
Jan 28 13:21:08 cu-cs-vm kernel: [    0.000000] ACPI: LAPIC_NMI (acpi_id[0x2c] high edge lint[0x1])
Jan 28 13:21:08 cu-cs-vm kernel: [    0.000000] ACPI: LAPIC_NMI (acpi_id[0x2d] high edge lint[0x1])
Jan 28 13:21:08 cu-cs-vm kernel: [    0.000000] ACPI: LAPIC_NMI (acpi_id[0x2e] high edge lint[0x1])
Jan 28 13:21:08 cu-cs-vm kernel: [    0.000000] ACPI: LAPIC_NMI (acpi_id[0x2f] high edge lint[0x1])
Jan 28 13:21:08 cu-cs-vm kernel: [    0.000000] ACPI: LAPIC_NMI (acpi_id[0x30] high edge lint[0x1])
Jan 28 13:21:08 cu-cs-vm kernel: [    0.000000] ACPI: LAPIC_NMI (acpi_id[0x31] high edge lint[0x1])
Jan 28 13:21:08 cu-cs-vm kernel: [    0.000000] ACPI: LAPIC_NMI (acpi_id[0x32] high edge lint[0x1])
Jan 28 13:21:08 cu-cs-vm kernel: [    0.000000] ACPI: LAPIC_NMI (acpi_id[0x33] high edge lint[0x1])
Jan 28 13:21:08 cu-cs-vm kernel: [    0.000000] ACPI: LAPIC_NMI (acpi_id[0x34] high edge lint[0x1])
Jan 28 13:21:08 cu-cs-vm kernel: [    0.000000] ACPI: LAPIC_NMI (acpi_id[0x35] high edge lint[0x1])
Jan 28 13:21:08 cu-cs-vm kernel: [    0.000000] ACPI: LAPIC_NMI (acpi_id[0x36] high edge lint[0x1])
Jan 28 13:21:08 cu-cs-vm kernel: [    0.000000] ACPI: LAPIC_NMI (acpi_id[0x37] high edge lint[0x1])
Jan 28 13:21:08 cu-cs-vm kernel: [    0.000000] ACPI: LAPIC_NMI (acpi_id[0x38] high edge lint[0x1])
Jan 28 13:21:08 cu-cs-vm kernel: [    0.000000] ACPI: LAPIC_NMI (acpi_id[0x39] high edge lint[0x1])
Jan 28 13:21:08 cu-cs-vm kernel: [    0.000000] ACPI: LAPIC_NMI (acpi_id[0x3a] high edge lint[0x1])
Jan 28 13:21:08 cu-cs-vm kernel: [    0.000000] ACPI: LAPIC_NMI (acpi_id[0x3b] high edge lint[0x1])
Jan 28 13:21:08 cu-cs-vm kernel: [    0.000000] ACPI: LAPIC_NMI (acpi_id[0x3c] high edge lint[0x1])
Jan 28 13:21:08 cu-cs-vm kernel: [    0.000000] ACPI: LAPIC_NMI (acpi_id[0x3d] high edge lint[0x1])
Jan 28 13:21:08 cu-cs-vm kernel: [    0.000000] ACPI: LAPIC_NMI (acpi_id[0x3e] high edge lint[0x1])
Jan 28 13:21:08 cu-cs-vm kernel: [    0.000000] ACPI: LAPIC_NMI (acpi_id[0x3f] high edge lint[0x1])
Jan 28 13:21:08 cu-cs-vm kernel: [    0.000000] ACPI: LAPIC_NMI (acpi_id[0x40] high edge lint[0x1])
Jan 28 13:21:08 cu-cs-vm kernel: [    0.000000] ACPI: LAPIC_NMI (acpi_id[0x41] high edge lint[0x1])
Jan 28 13:21:08 cu-cs-vm kernel: [    0.000000] ACPI: LAPIC_NMI (acpi_id[0x42] high edge lint[0x1])
Jan 28 13:21:08 cu-cs-vm kernel: [    0.000000] ACPI: LAPIC_NMI (acpi_id[0x43] high edge lint[0x1])
Jan 28 13:21:08 cu-cs-vm kernel: [    0.000000] ACPI: LAPIC_NMI (acpi_id[0x44] high edge lint[0x1])
Jan 28 13:21:08 cu-cs-vm kernel: [    0.000000] ACPI: LAPIC_NMI (acpi_id[0x45] high edge lint[0x1])
Jan 28 13:21:08 cu-cs-vm kernel: [    0.000000] ACPI: LAPIC_NMI (acpi_id[0x46] high edge lint[0x1])
Jan 28 13:21:08 cu-cs-vm kernel: [    0.000000] ACPI: LAPIC_NMI (acpi_id[0x47] high edge lint[0x1])
Jan 28 13:21:08 cu-cs-vm kernel: [    0.000000] ACPI: LAPIC_NMI (acpi_id[0x48] high edge lint[0x1])
Jan 28 13:21:08 cu-cs-vm kernel: [    0.000000] ACPI: LAPIC_NMI (acpi_id[0x49] high edge lint[0x1])
Jan 28 13:21:08 cu-cs-vm kernel: [    0.000000] ACPI: LAPIC_NMI (acpi_id[0x4a] high edge lint[0x1])
Jan 28 13:21:08 cu-cs-vm kernel: [    0.000000] ACPI: LAPIC_NMI (acpi_id[0x4b] high edge lint[0x1])
Jan 28 13:21:08 cu-cs-vm kernel: [    0.000000] ACPI: LAPIC_NMI (acpi_id[0x4c] high edge lint[0x1])
Jan 28 13:21:08 cu-cs-vm kernel: [    0.000000] ACPI: LAPIC_NMI (acpi_id[0x4d] high edge lint[0x1])
Jan 28 13:21:08 cu-cs-vm kernel: [    0.000000] ACPI: LAPIC_NMI (acpi_id[0x4e] high edge lint[0x1])
Jan 28 13:21:08 cu-cs-vm kernel: [    0.000000] ACPI: LAPIC_NMI (acpi_id[0x4f] high edge lint[0x1])
Jan 28 13:21:08 cu-cs-vm kernel: [    0.000000] ACPI: LAPIC_NMI (acpi_id[0x50] high edge lint[0x1])
Jan 28 13:21:08 cu-cs-vm kernel: [    0.000000] ACPI: LAPIC_NMI (acpi_id[0x51] high edge lint[0x1])
Jan 28 13:21:08 cu-cs-vm kernel: [    0.000000] ACPI: LAPIC_NMI (acpi_id[0x52] high edge lint[0x1])
Jan 28 13:21:08 cu-cs-vm kernel: [    0.000000] ACPI: LAPIC_NMI (acpi_id[0x53] high edge lint[0x1])
Jan 28 13:21:08 cu-cs-vm kernel: [    0.000000] ACPI: LAPIC_NMI (acpi_id[0x54] high edge lint[0x1])
Jan 28 13:21:08 cu-cs-vm kernel: [    0.000000] ACPI: LAPIC_NMI (acpi_id[0x55] high edge lint[0x1])
Jan 28 13:21:08 cu-cs-vm kernel: [    0.000000] ACPI: LAPIC_NMI (acpi_id[0x56] high edge lint[0x1])
Jan 28 13:21:08 cu-cs-vm kernel: [    0.000000] ACPI: LAPIC_NMI (acpi_id[0x57] high edge lint[0x1])
Jan 28 13:21:08 cu-cs-vm kernel: [    0.000000] ACPI: LAPIC_NMI (acpi_id[0x58] high edge lint[0x1])
Jan 28 13:21:08 cu-cs-vm kernel: [    0.000000] ACPI: LAPIC_NMI (acpi_id[0x59] high edge lint[0x1])
Jan 28 13:21:08 cu-cs-vm kernel: [    0.000000] ACPI: LAPIC_NMI (acpi_id[0x5a] high edge lint[0x1])
Jan 28 13:21:08 cu-cs-vm kernel: [    0.000000] ACPI: LAPIC_NMI (acpi_id[0x5b] high edge lint[0x1])
Jan 28 13:21:08 cu-cs-vm kernel: [    0.000000] ACPI: LAPIC_NMI (acpi_id[0x5c] high edge lint[0x1])
Jan 28 13:21:08 cu-cs-vm kernel: [    0.000000] ACPI: LAPIC_NMI (acpi_id[0x5d] high edge lint[0x1])
Jan 28 13:21:08 cu-cs-vm kernel: [    0.000000] ACPI: LAPIC_NMI (acpi_id[0x5e] high edge lint[0x1])
Jan 28 13:21:08 cu-cs-vm kernel: [    0.000000] ACPI: LAPIC_NMI (acpi_id[0x5f] high edge lint[0x1])
Jan 28 13:21:08 cu-cs-vm kernel: [    0.000000] ACPI: LAPIC_NMI (acpi_id[0x60] high edge lint[0x1])
Jan 28 13:21:08 cu-cs-vm kernel: [    0.000000] ACPI: LAPIC_NMI (acpi_id[0x61] high edge lint[0x1])
Jan 28 13:21:08 cu-cs-vm kernel: [    0.000000] ACPI: LAPIC_NMI (acpi_id[0x62] high edge lint[0x1])
Jan 28 13:21:08 cu-cs-vm kernel: [    0.000000] ACPI: LAPIC_NMI (acpi_id[0x63] high edge lint[0x1])
Jan 28 13:21:08 cu-cs-vm kernel: [    0.000000] ACPI: LAPIC_NMI (acpi_id[0x64] high edge lint[0x1])
Jan 28 13:21:08 cu-cs-vm kernel: [    0.000000] ACPI: LAPIC_NMI (acpi_id[0x65] high edge lint[0x1])
Jan 28 13:21:08 cu-cs-vm kernel: [    0.000000] ACPI: LAPIC_NMI (acpi_id[0x66] high edge lint[0x1])
Jan 28 13:21:08 cu-cs-vm kernel: [    0.000000] ACPI: LAPIC_NMI (acpi_id[0x67] high edge lint[0x1])
Jan 28 13:21:08 cu-cs-vm kernel: [    0.000000] ACPI: LAPIC_NMI (acpi_id[0x68] high edge lint[0x1])
Jan 28 13:21:08 cu-cs-vm kernel: [    0.000000] ACPI: LAPIC_NMI (acpi_id[0x69] high edge lint[0x1])
Jan 28 13:21:08 cu-cs-vm kernel: [    0.000000] ACPI: LAPIC_NMI (acpi_id[0x6a] high edge lint[0x1])
Jan 28 13:21:08 cu-cs-vm kernel: [    0.000000] ACPI: LAPIC_NMI (acpi_id[0x6b] high edge lint[0x1])
Jan 28 13:21:08 cu-cs-vm kernel: [    0.000000] ACPI: LAPIC_NMI (acpi_id[0x6c] high edge lint[0x1])
Jan 28 13:21:08 cu-cs-vm kernel: [    0.000000] ACPI: LAPIC_NMI (acpi_id[0x6d] high edge lint[0x1])
Jan 28 13:21:08 cu-cs-vm kernel: [    0.000000] ACPI: LAPIC_NMI (acpi_id[0x6e] high edge lint[0x1])
Jan 28 13:21:08 cu-cs-vm kernel: [    0.000000] ACPI: LAPIC_NMI (acpi_id[0x6f] high edge lint[0x1])
Jan 28 13:21:08 cu-cs-vm kernel: [    0.000000] ACPI: LAPIC_NMI (acpi_id[0x70] high edge lint[0x1])
Jan 28 13:21:08 cu-cs-vm kernel: [    0.000000] ACPI: LAPIC_NMI (acpi_id[0x71] high edge lint[0x1])
Jan 28 13:21:08 cu-cs-vm kernel: [    0.000000] ACPI: LAPIC_NMI (acpi_id[0x72] high edge lint[0x1])
Jan 28 13:21:08 cu-cs-vm kernel: [    0.000000] ACPI: LAPIC_NMI (acpi_id[0x73] high edge lint[0x1])
Jan 28 13:21:08 cu-cs-vm kernel: [    0.000000] ACPI: LAPIC_NMI (acpi_id[0x74] high edge lint[0x1])
Jan 28 13:21:08 cu-cs-vm kernel: [    0.000000] ACPI: LAPIC_NMI (acpi_id[0x75] high edge lint[0x1])
Jan 28 13:21:08 cu-cs-vm kernel: [    0.000000] ACPI: LAPIC_NMI (acpi_id[0x76] high edge lint[0x1])
Jan 28 13:21:08 cu-cs-vm kernel: [    0.000000] ACPI: LAPIC_NMI (acpi_id[0x77] high edge lint[0x1])
Jan 28 13:21:08 cu-cs-vm kernel: [    0.000000] ACPI: LAPIC_NMI (acpi_id[0x78] high edge lint[0x1])
Jan 28 13:21:08 cu-cs-vm kernel: [    0.000000] ACPI: LAPIC_NMI (acpi_id[0x79] high edge lint[0x1])
Jan 28 13:21:08 cu-cs-vm kernel: [    0.000000] ACPI: LAPIC_NMI (acpi_id[0x7a] high edge lint[0x1])
Jan 28 13:21:08 cu-cs-vm kernel: [    0.000000] ACPI: LAPIC_NMI (acpi_id[0x7b] high edge lint[0x1])
Jan 28 13:21:08 cu-cs-vm kernel: [    0.000000] ACPI: LAPIC_NMI (acpi_id[0x7c] high edge lint[0x1])
Jan 28 13:21:08 cu-cs-vm kernel: [    0.000000] ACPI: LAPIC_NMI (acpi_id[0x7d] high edge lint[0x1])
Jan 28 13:21:08 cu-cs-vm kernel: [    0.000000] ACPI: LAPIC_NMI (acpi_id[0x7e] high edge lint[0x1])
Jan 28 13:21:08 cu-cs-vm kernel: [    0.000000] ACPI: LAPIC_NMI (acpi_id[0x7f] high edge lint[0x1])
Jan 28 13:21:08 cu-cs-vm kernel: [    0.000000] IOAPIC[0]: apic_id 1, version 17, address 0xfec00000, GSI 0-23
Jan 28 13:21:08 cu-cs-vm kernel: [    0.000000] ACPI: INT_SRC_OVR (bus 0 bus_irq 0 global_irq 2 high edge)
Jan 28 13:21:08 cu-cs-vm kernel: [    0.000000] ACPI: IRQ0 used by override.
Jan 28 13:21:08 cu-cs-vm kernel: [    0.000000] ACPI: IRQ9 used by override.
Jan 28 13:21:08 cu-cs-vm kernel: [    0.000000] Using ACPI (MADT) for SMP configuration information
Jan 28 13:21:08 cu-cs-vm kernel: [    0.000000] smpboot: Allowing 128 CPUs, 126 hotplug CPUs
Jan 28 13:21:08 cu-cs-vm kernel: [    0.000000] PM: Registered nosave memory: [mem 0x00000000-0x00000fff]
Jan 28 13:21:08 cu-cs-vm kernel: [    0.000000] PM: Registered nosave memory: [mem 0x0009e000-0x0009efff]
Jan 28 13:21:08 cu-cs-vm kernel: [    0.000000] PM: Registered nosave memory: [mem 0x0009f000-0x0009ffff]
Jan 28 13:21:08 cu-cs-vm kernel: [    0.000000] PM: Registered nosave memory: [mem 0x000a0000-0x000dbfff]
Jan 28 13:21:08 cu-cs-vm kernel: [    0.000000] PM: Registered nosave memory: [mem 0x000dc000-0x000fffff]
Jan 28 13:21:08 cu-cs-vm kernel: [    0.000000] PM: Registered nosave memory: [mem 0x7fee0000-0x7fefefff]
Jan 28 13:21:08 cu-cs-vm kernel: [    0.000000] PM: Registered nosave memory: [mem 0x7feff000-0x7fefffff]
Jan 28 13:21:08 cu-cs-vm kernel: [    0.000000] e820: [mem 0x80000000-0xefffffff] available for PCI devices
Jan 28 13:21:08 cu-cs-vm kernel: [    0.000000] Booting paravirtualized kernel on VMware hypervisor
Jan 28 13:21:08 cu-cs-vm kernel: [    0.000000] clocksource: refined-jiffies: mask: 0xffffffff max_cycles: 0xffffffff, max_idle_ns: 7645519600211568 ns
Jan 28 13:21:08 cu-cs-vm kernel: [    0.000000] random: get_random_bytes called from start_kernel+0x99/0x51d with crng_init=0
Jan 28 13:21:08 cu-cs-vm kernel: [    0.000000] setup_percpu: NR_CPUS:8192 nr_cpumask_bits:128 nr_cpu_ids:128 nr_node_ids:1
Jan 28 13:21:08 cu-cs-vm kernel: [    0.000000] percpu: Embedded 46 pages/cpu @        (ptrval) s151552 r8192 d28672 u262144
Jan 28 13:21:08 cu-cs-vm kernel: [    0.000000] pcpu-alloc: s151552 r8192 d28672 u262144 alloc=1*2097152
Jan 28 13:21:08 cu-cs-vm kernel: [    0.000000] pcpu-alloc: [0] 000 001 002 003 004 005 006 007 
Jan 28 13:21:08 cu-cs-vm kernel: [    0.000000] pcpu-alloc: [0] 008 009 010 011 012 013 014 015 
Jan 28 13:21:08 cu-cs-vm kernel: [    0.000000] pcpu-alloc: [0] 016 017 018 019 020 021 022 023 
Jan 28 13:21:08 cu-cs-vm kernel: [    0.000000] pcpu-alloc: [0] 024 025 026 027 028 029 030 031 
Jan 28 13:21:08 cu-cs-vm kernel: [    0.000000] pcpu-alloc: [0] 032 033 034 035 036 037 038 039 
Jan 28 13:21:08 cu-cs-vm kernel: [    0.000000] pcpu-alloc: [0] 040 041 042 043 044 045 046 047 
Jan 28 13:21:08 cu-cs-vm kernel: [    0.000000] pcpu-alloc: [0] 048 049 050 051 052 053 054 055 
Jan 28 13:21:08 cu-cs-vm kernel: [    0.000000] pcpu-alloc: [0] 056 057 058 059 060 061 062 063 
Jan 28 13:21:08 cu-cs-vm kernel: [    0.000000] pcpu-alloc: [0] 064 065 066 067 068 069 070 071 
Jan 28 13:21:08 cu-cs-vm kernel: [    0.000000] pcpu-alloc: [0] 072 073 074 075 076 077 078 079 
Jan 28 13:21:08 cu-cs-vm kernel: [    0.000000] pcpu-alloc: [0] 080 081 082 083 084 085 086 087 
Jan 28 13:21:08 cu-cs-vm kernel: [    0.000000] pcpu-alloc: [0] 088 089 090 091 092 093 094 095 
Jan 28 13:21:08 cu-cs-vm kernel: [    0.000000] pcpu-alloc: [0] 096 097 098 099 100 101 102 103 
Jan 28 13:21:08 cu-cs-vm kernel: [    0.000000] pcpu-alloc: [0] 104 105 106 107 108 109 110 111 
Jan 28 13:21:08 cu-cs-vm kernel: [    0.000000] pcpu-alloc: [0] 112 113 114 115 116 117 118 119 
Jan 28 13:21:08 cu-cs-vm kernel: [    0.000000] pcpu-alloc: [0] 120 121 122 123 124 125 126 127 
Jan 28 13:21:08 cu-cs-vm kernel: [    0.000000] Built 1 zonelists, mobility grouping on.  Total pages: 515944
Jan 28 13:21:08 cu-cs-vm kernel: [    0.000000] Policy zone: DMA32
Jan 28 13:21:08 cu-cs-vm kernel: [    0.000000] Kernel command line: BOOT_IMAGE=/boot/vmlinuz-4.15.18brandon root=UUID=a7adc8c1-e02a-478b-93ad-c06e060e0176 ro
Jan 28 13:21:08 cu-cs-vm kernel: [    0.000000] log_buf_len individual max cpu contribution: 4096 bytes
Jan 28 13:21:08 cu-cs-vm kernel: [    0.000000] log_buf_len total cpu_extra contributions: 520192 bytes
Jan 28 13:21:08 cu-cs-vm kernel: [    0.000000] log_buf_len min size: 262144 bytes
Jan 28 13:21:08 cu-cs-vm kernel: [    0.000000] log_buf_len: 1048576 bytes
Jan 28 13:21:08 cu-cs-vm kernel: [    0.000000] early log buf free: 236928(90%)
Jan 28 13:21:08 cu-cs-vm kernel: [    0.000000] Calgary: detecting Calgary via BIOS EBDA area
Jan 28 13:21:08 cu-cs-vm kernel: [    0.000000] Calgary: Unable to locate Rio Grande table in EBDA - bailing!
Jan 28 13:21:08 cu-cs-vm kernel: [    0.000000] Memory: 1570528K/2096628K available (12300K kernel code, 2470K rwdata, 4204K rodata, 2408K init, 2416K bss, 526100K reserved, 0K cma-reserved)
Jan 28 13:21:08 cu-cs-vm kernel: [    0.000000] SLUB: HWalign=64, Order=0-3, MinObjects=0, CPUs=128, Nodes=1
Jan 28 13:21:08 cu-cs-vm kernel: [    0.000000] Kernel/User page tables isolation: enabled
Jan 28 13:21:08 cu-cs-vm kernel: [    0.000000] ftrace: allocating 39036 entries in 153 pages
Jan 28 13:21:08 cu-cs-vm kernel: [    0.004000] Hierarchical RCU implementation.
Jan 28 13:21:08 cu-cs-vm kernel: [    0.004000] 	RCU restricting CPUs from NR_CPUS=8192 to nr_cpu_ids=128.
Jan 28 13:21:08 cu-cs-vm kernel: [    0.004000] 	Tasks RCU enabled.
Jan 28 13:21:08 cu-cs-vm kernel: [    0.004000] RCU: Adjusting geometry for rcu_fanout_leaf=16, nr_cpu_ids=128
Jan 28 13:21:08 cu-cs-vm kernel: [    0.004000] NR_IRQS: 524544, nr_irqs: 1448, preallocated irqs: 16
Jan 28 13:21:08 cu-cs-vm kernel: [    0.004000] Console: colour VGA+ 80x25
Jan 28 13:21:08 cu-cs-vm kernel: [    0.004000] console [tty0] enabled
Jan 28 13:21:08 cu-cs-vm kernel: [    0.004000] ACPI: Core revision 20170831
Jan 28 13:21:08 cu-cs-vm kernel: [    0.004000] ACPI: 1 ACPI AML tables successfully acquired and loaded
Jan 28 13:21:08 cu-cs-vm kernel: [    0.004000] APIC: Switch to symmetric I/O mode setup
Jan 28 13:21:08 cu-cs-vm kernel: [    0.004000] x2apic enabled
Jan 28 13:21:08 cu-cs-vm kernel: [    0.004000] Switched APIC routing to physical x2apic.
Jan 28 13:21:08 cu-cs-vm kernel: [    0.004000] ..TIMER: vector=0x30 apic1=0 pin1=2 apic2=-1 pin2=-1
Jan 28 13:21:08 cu-cs-vm kernel: [    0.004000] tsc: Detected 1992.003 MHz processor
Jan 28 13:21:08 cu-cs-vm kernel: [    0.004000] Calibrating delay loop (skipped) preset value.. 3984.00 BogoMIPS (lpj=7968012)
Jan 28 13:21:08 cu-cs-vm kernel: [    0.004000] pid_max: default: 131072 minimum: 1024
Jan 28 13:21:08 cu-cs-vm kernel: [    0.004000] Security Framework initialized
Jan 28 13:21:08 cu-cs-vm kernel: [    0.004000] Yama: becoming mindful.
Jan 28 13:21:08 cu-cs-vm kernel: [    0.004000] AppArmor: AppArmor initialized
Jan 28 13:21:08 cu-cs-vm kernel: [    0.004000] Dentry cache hash table entries: 262144 (order: 9, 2097152 bytes)
Jan 28 13:21:08 cu-cs-vm kernel: [    0.004000] Inode-cache hash table entries: 131072 (order: 8, 1048576 bytes)
Jan 28 13:21:08 cu-cs-vm kernel: [    0.004031] Mount-cache hash table entries: 4096 (order: 3, 32768 bytes)
Jan 28 13:21:08 cu-cs-vm kernel: [    0.004204] Mountpoint-cache hash table entries: 4096 (order: 3, 32768 bytes)
Jan 28 13:21:08 cu-cs-vm kernel: [    0.004645] Disabled fast string operations
Jan 28 13:21:08 cu-cs-vm kernel: [    0.004769] mce: CPU supports 0 MCE banks
Jan 28 13:21:08 cu-cs-vm kernel: [    0.004880] Last level iTLB entries: 4KB 64, 2MB 8, 4MB 8
Jan 28 13:21:08 cu-cs-vm kernel: [    0.005013] Last level dTLB entries: 4KB 64, 2MB 0, 4MB 0, 1GB 4
Jan 28 13:21:08 cu-cs-vm kernel: [    0.005161] Spectre V2 : Mitigation: Full generic retpoline
Jan 28 13:21:08 cu-cs-vm kernel: [    0.005298] Spectre V2 : Spectre v2 / SpectreRSB mitigation: Filling RSB on context switch
Jan 28 13:21:08 cu-cs-vm kernel: [    0.005500] Spectre V2 : Spectre v2 mitigation: Enabling Indirect Branch Prediction Barrier
Jan 28 13:21:08 cu-cs-vm kernel: [    0.005704] Spectre V2 : Enabling Restricted Speculation for firmware calls
Jan 28 13:21:08 cu-cs-vm kernel: [    0.005873] Speculative Store Bypass: Vulnerable
Jan 28 13:21:08 cu-cs-vm kernel: [    0.006057] Freeing SMP alternatives memory: 36K
Jan 28 13:21:08 cu-cs-vm kernel: [    0.007909] TSC deadline timer enabled
Jan 28 13:21:08 cu-cs-vm kernel: [    0.007917] smpboot: CPU0: Intel(R) Core(TM) i7-8550U CPU @ 1.80GHz (family: 0x6, model: 0x8e, stepping: 0xa)
Jan 28 13:21:08 cu-cs-vm kernel: [    0.008000] Performance Events: Skylake events, core PMU driver.
Jan 28 13:21:08 cu-cs-vm kernel: [    0.008000] core: CPUID marked event: 'cpu cycles' unavailable
Jan 28 13:21:08 cu-cs-vm kernel: [    0.008000] core: CPUID marked event: 'instructions' unavailable
Jan 28 13:21:08 cu-cs-vm kernel: [    0.008000] core: CPUID marked event: 'bus cycles' unavailable
Jan 28 13:21:08 cu-cs-vm kernel: [    0.008000] core: CPUID marked event: 'cache references' unavailable
Jan 28 13:21:08 cu-cs-vm kernel: [    0.008000] core: CPUID marked event: 'cache misses' unavailable
Jan 28 13:21:08 cu-cs-vm kernel: [    0.008000] core: CPUID marked event: 'branch instructions' unavailable
Jan 28 13:21:08 cu-cs-vm kernel: [    0.008000] core: CPUID marked event: 'branch misses' unavailable
Jan 28 13:21:08 cu-cs-vm kernel: [    0.008000] ... version:                1
Jan 28 13:21:08 cu-cs-vm kernel: [    0.008000] ... bit width:              48
Jan 28 13:21:08 cu-cs-vm kernel: [    0.008000] ... generic registers:      4
Jan 28 13:21:08 cu-cs-vm kernel: [    0.008000] ... value mask:             0000ffffffffffff
Jan 28 13:21:08 cu-cs-vm kernel: [    0.008000] ... max period:             000000007fffffff
Jan 28 13:21:08 cu-cs-vm kernel: [    0.008000] ... fixed-purpose events:   0
Jan 28 13:21:08 cu-cs-vm kernel: [    0.008000] ... event mask:             000000000000000f
Jan 28 13:21:08 cu-cs-vm kernel: [    0.008000] Hierarchical SRCU implementation.
Jan 28 13:21:08 cu-cs-vm kernel: [    0.008000] NMI watchdog: Perf event create on CPU 0 failed with -2
Jan 28 13:21:08 cu-cs-vm kernel: [    0.008000] NMI watchdog: Perf NMI watchdog permanently disabled
Jan 28 13:21:08 cu-cs-vm kernel: [    0.009291] smp: Bringing up secondary CPUs ...
Jan 28 13:21:08 cu-cs-vm kernel: [    0.009500] x86: Booting SMP configuration:
Jan 28 13:21:08 cu-cs-vm kernel: [    0.009610] .... node  #0, CPUs:          #1
Jan 28 13:21:08 cu-cs-vm kernel: [    0.004000] Disabled fast string operations
Jan 28 13:21:08 cu-cs-vm kernel: [    0.004000] mce: CPU supports 0 MCE banks
Jan 28 13:21:08 cu-cs-vm kernel: [    0.004000] smpboot: CPU 1 Converting physical 2 to logical package 1
Jan 28 13:21:08 cu-cs-vm kernel: [    0.010453] smp: Brought up 1 node, 2 CPUs
Jan 28 13:21:08 cu-cs-vm kernel: [    0.010453] smpboot: Max logical packages: 128
Jan 28 13:21:08 cu-cs-vm kernel: [    0.010453] smpboot: Total of 2 processors activated (7968.01 BogoMIPS)
Jan 28 13:21:08 cu-cs-vm kernel: [    0.010453] devtmpfs: initialized
Jan 28 13:21:08 cu-cs-vm kernel: [    0.010453] x86/mm: Memory block size: 128MB
Jan 28 13:21:08 cu-cs-vm kernel: [    0.010453] evm: security.selinux
Jan 28 13:21:08 cu-cs-vm kernel: [    0.010453] evm: security.SMACK64
Jan 28 13:21:08 cu-cs-vm kernel: [    0.010453] evm: security.SMACK64EXEC
Jan 28 13:21:08 cu-cs-vm kernel: [    0.010453] evm: security.SMACK64TRANSMUTE
Jan 28 13:21:08 cu-cs-vm kernel: [    0.012005] evm: security.SMACK64MMAP
Jan 28 13:21:08 cu-cs-vm kernel: [    0.012042] evm: security.apparmor
Jan 28 13:21:08 cu-cs-vm kernel: [    0.012076] evm: security.ima
Jan 28 13:21:08 cu-cs-vm kernel: [    0.012108] evm: security.capability
Jan 28 13:21:08 cu-cs-vm kernel: [    0.012195] PM: Registering ACPI NVS region [mem 0x7feff000-0x7fefffff] (4096 bytes)
Jan 28 13:21:08 cu-cs-vm kernel: [    0.012195] clocksource: jiffies: mask: 0xffffffff max_cycles: 0xffffffff, max_idle_ns: 7645041785100000 ns
Jan 28 13:21:08 cu-cs-vm kernel: [    0.012195] futex hash table entries: 32768 (order: 9, 2097152 bytes)
Jan 28 13:21:08 cu-cs-vm kernel: [    0.012915] pinctrl core: initialized pinctrl subsystem
Jan 28 13:21:08 cu-cs-vm kernel: [    0.013105] RTC time: 20:21:00, date: 01/28/19
Jan 28 13:21:08 cu-cs-vm kernel: [    0.013299] NET: Registered protocol family 16
Jan 28 13:21:08 cu-cs-vm kernel: [    0.013387] audit: initializing netlink subsys (disabled)
Jan 28 13:21:08 cu-cs-vm kernel: [    0.013462] audit: type=2000 audit(1548706860.012:1): state=initialized audit_enabled=0 res=1
Jan 28 13:21:08 cu-cs-vm kernel: [    0.013462] cpuidle: using governor ladder
Jan 28 13:21:08 cu-cs-vm kernel: [    0.013462] cpuidle: using governor menu
Jan 28 13:21:08 cu-cs-vm kernel: [    0.013462] Simple Boot Flag at 0x36 set to 0x80
Jan 28 13:21:08 cu-cs-vm kernel: [    0.013462] ACPI: bus type PCI registered
Jan 28 13:21:08 cu-cs-vm kernel: [    0.013462] acpiphp: ACPI Hot Plug PCI Controller Driver version: 0.5
Jan 28 13:21:08 cu-cs-vm kernel: [    0.013462] PCI: MMCONFIG for domain 0000 [bus 00-7f] at [mem 0xf0000000-0xf7ffffff] (base 0xf0000000)
Jan 28 13:21:08 cu-cs-vm kernel: [    0.013462] PCI: MMCONFIG at [mem 0xf0000000-0xf7ffffff] reserved in E820
Jan 28 13:21:08 cu-cs-vm kernel: [    0.013462] PCI: Using configuration type 1 for base access
Jan 28 13:21:08 cu-cs-vm kernel: [    0.013462] HugeTLB registered 1.00 GiB page size, pre-allocated 0 pages
Jan 28 13:21:08 cu-cs-vm kernel: [    0.013462] HugeTLB registered 2.00 MiB page size, pre-allocated 0 pages
Jan 28 13:21:08 cu-cs-vm kernel: [    0.016118] ACPI: Added _OSI(Module Device)
Jan 28 13:21:08 cu-cs-vm kernel: [    0.016161] ACPI: Added _OSI(Processor Device)
Jan 28 13:21:08 cu-cs-vm kernel: [    0.016204] ACPI: Added _OSI(3.0 _SCP Extensions)
Jan 28 13:21:08 cu-cs-vm kernel: [    0.016248] ACPI: Added _OSI(Processor Aggregator Device)
Jan 28 13:21:08 cu-cs-vm kernel: [    0.016297] ACPI: Added _OSI(Linux-Dell-Video)
Jan 28 13:21:08 cu-cs-vm kernel: [    0.016339] ACPI: Added _OSI(Linux-Lenovo-NV-HDMI-Audio)
Jan 28 13:21:08 cu-cs-vm kernel: [    0.020000] ACPI: [Firmware Bug]: BIOS _OSI(Linux) query ignored
Jan 28 13:21:08 cu-cs-vm kernel: [    0.040869] ACPI: Interpreter enabled
Jan 28 13:21:08 cu-cs-vm kernel: [    0.040926] ACPI: (supports S0 S1 S4 S5)
Jan 28 13:21:08 cu-cs-vm kernel: [    0.040966] ACPI: Using IOAPIC for interrupt routing
Jan 28 13:21:08 cu-cs-vm kernel: [    0.041039] PCI: Using host bridge windows from ACPI; if necessary, use "pci=nocrs" and report a bug
Jan 28 13:21:08 cu-cs-vm kernel: [    0.041647] ACPI: Enabled 4 GPEs in block 00 to 0F
Jan 28 13:21:08 cu-cs-vm kernel: [    0.101470] ACPI: PCI Root Bridge [PCI0] (domain 0000 [bus 00-7f])
Jan 28 13:21:08 cu-cs-vm kernel: [    0.101608] acpi PNP0A03:00: _OSC: OS supports [ExtendedConfig ASPM ClockPM Segments MSI]
Jan 28 13:21:08 cu-cs-vm kernel: [    0.102227] acpi PNP0A03:00: _OSC: platform does not support [AER]
Jan 28 13:21:08 cu-cs-vm kernel: [    0.102530] acpi PNP0A03:00: _OSC: OS now controls [PCIeHotplug PME PCIeCapability]
Jan 28 13:21:08 cu-cs-vm kernel: [    0.104213] PCI host bridge to bus 0000:00
Jan 28 13:21:08 cu-cs-vm kernel: [    0.104256] pci_bus 0000:00: root bus resource [mem 0x000a0000-0x000bffff window]
Jan 28 13:21:08 cu-cs-vm kernel: [    0.104322] pci_bus 0000:00: root bus resource [mem 0x000cc000-0x000cffff window]
Jan 28 13:21:08 cu-cs-vm kernel: [    0.104388] pci_bus 0000:00: root bus resource [mem 0x000d0000-0x000d3fff window]
Jan 28 13:21:08 cu-cs-vm kernel: [    0.104453] pci_bus 0000:00: root bus resource [mem 0x000d4000-0x000d7fff window]
Jan 28 13:21:08 cu-cs-vm kernel: [    0.104519] pci_bus 0000:00: root bus resource [mem 0x000d8000-0x000dbfff window]
Jan 28 13:21:08 cu-cs-vm kernel: [    0.104587] pci_bus 0000:00: root bus resource [mem 0xc0000000-0xfebfffff window]
Jan 28 13:21:08 cu-cs-vm kernel: [    0.104653] pci_bus 0000:00: root bus resource [io  0x0000-0x0cf7 window]
Jan 28 13:21:08 cu-cs-vm kernel: [    0.104711] pci_bus 0000:00: root bus resource [io  0x0d00-0xfeff window]
Jan 28 13:21:08 cu-cs-vm kernel: [    0.104770] pci_bus 0000:00: root bus resource [bus 00-7f]
Jan 28 13:21:08 cu-cs-vm kernel: [    0.104861] pci 0000:00:00.0: [8086:7190] type 00 class 0x060000
Jan 28 13:21:08 cu-cs-vm kernel: [    0.105430] pci 0000:00:01.0: [8086:7191] type 01 class 0x060400
Jan 28 13:21:08 cu-cs-vm kernel: [    0.105883] pci 0000:00:07.0: [8086:7110] type 00 class 0x060100
Jan 28 13:21:08 cu-cs-vm kernel: [    0.106507] pci 0000:00:07.1: [8086:7111] type 00 class 0x01018a
Jan 28 13:21:08 cu-cs-vm kernel: [    0.107471] pci 0000:00:07.1: reg 0x20: [io  0x1060-0x106f]
Jan 28 13:21:08 cu-cs-vm kernel: [    0.107851] pci 0000:00:07.1: legacy IDE quirk: reg 0x10: [io  0x01f0-0x01f7]
Jan 28 13:21:08 cu-cs-vm kernel: [    0.107914] pci 0000:00:07.1: legacy IDE quirk: reg 0x14: [io  0x03f6]
Jan 28 13:21:08 cu-cs-vm kernel: [    0.107971] pci 0000:00:07.1: legacy IDE quirk: reg 0x18: [io  0x0170-0x0177]
Jan 28 13:21:08 cu-cs-vm kernel: [    0.108000] pci 0000:00:07.1: legacy IDE quirk: reg 0x1c: [io  0x0376]
Jan 28 13:21:08 cu-cs-vm kernel: [    0.108189] pci 0000:00:07.3: [8086:7113] type 00 class 0x068000
Jan 28 13:21:08 cu-cs-vm kernel: [    0.109651] pci 0000:00:07.3: quirk: [io  0x1000-0x103f] claimed by PIIX4 ACPI
Jan 28 13:21:08 cu-cs-vm kernel: [    0.109729] pci 0000:00:07.3: quirk: [io  0x1040-0x104f] claimed by PIIX4 SMB
Jan 28 13:21:08 cu-cs-vm kernel: [    0.110065] pci 0000:00:07.7: [15ad:0740] type 00 class 0x088000
Jan 28 13:21:08 cu-cs-vm kernel: [    0.110662] pci 0000:00:07.7: reg 0x10: [io  0x1080-0x10bf]
Jan 28 13:21:08 cu-cs-vm kernel: [    0.111192] pci 0000:00:07.7: reg 0x14: [mem 0xfebfe000-0xfebfffff 64bit]
Jan 28 13:21:08 cu-cs-vm kernel: [    0.113503] pci 0000:00:0f.0: [15ad:0405] type 00 class 0x030000
Jan 28 13:21:08 cu-cs-vm kernel: [    0.115779] pci 0000:00:0f.0: reg 0x10: [io  0x1070-0x107f]
Jan 28 13:21:08 cu-cs-vm kernel: [    0.116782] pci 0000:00:0f.0: reg 0x14: [mem 0xe8000000-0xefffffff pref]
Jan 28 13:21:08 cu-cs-vm kernel: [    0.119047] pci 0000:00:0f.0: reg 0x18: [mem 0xfe000000-0xfe7fffff]
Jan 28 13:21:08 cu-cs-vm kernel: [    0.124004] pci 0000:00:0f.0: reg 0x30: [mem 0x00000000-0x00007fff pref]
Jan 28 13:21:08 cu-cs-vm kernel: [    0.124427] pci 0000:00:10.0: [1000:0030] type 00 class 0x010000
Jan 28 13:21:08 cu-cs-vm kernel: [    0.125342] pci 0000:00:10.0: reg 0x10: [io  0x1400-0x14ff]
Jan 28 13:21:08 cu-cs-vm kernel: [    0.126204] pci 0000:00:10.0: reg 0x14: [mem 0xfeba0000-0xfebbffff 64bit]
Jan 28 13:21:08 cu-cs-vm kernel: [    0.127101] pci 0000:00:10.0: reg 0x1c: [mem 0xfebc0000-0xfebdffff 64bit]
Jan 28 13:21:08 cu-cs-vm kernel: [    0.128436] pci 0000:00:10.0: reg 0x30: [mem 0x00000000-0x00003fff pref]
Jan 28 13:21:08 cu-cs-vm kernel: [    0.128756] pci 0000:00:11.0: [15ad:0790] type 01 class 0x060401
Jan 28 13:21:08 cu-cs-vm kernel: [    0.129389] pci 0000:00:15.0: [15ad:07a0] type 01 class 0x060400
Jan 28 13:21:08 cu-cs-vm kernel: [    0.130003] pci 0000:00:15.0: PME# supported from D0 D3hot D3cold
Jan 28 13:21:08 cu-cs-vm kernel: [    0.130408] pci 0000:00:15.1: [15ad:07a0] type 01 class 0x060400
Jan 28 13:21:08 cu-cs-vm kernel: [    0.131021] pci 0000:00:15.1: PME# supported from D0 D3hot D3cold
Jan 28 13:21:08 cu-cs-vm kernel: [    0.131285] pci 0000:00:15.2: [15ad:07a0] type 01 class 0x060400
Jan 28 13:21:08 cu-cs-vm kernel: [    0.131897] pci 0000:00:15.2: PME# supported from D0 D3hot D3cold
Jan 28 13:21:08 cu-cs-vm kernel: [    0.132075] pci 0000:00:15.3: [15ad:07a0] type 01 class 0x060400
Jan 28 13:21:08 cu-cs-vm kernel: [    0.132883] pci 0000:00:15.3: PME# supported from D0 D3hot D3cold
Jan 28 13:21:08 cu-cs-vm kernel: [    0.133558] pci 0000:00:15.4: [15ad:07a0] type 01 class 0x060400
Jan 28 13:21:08 cu-cs-vm kernel: [    0.134177] pci 0000:00:15.4: PME# supported from D0 D3hot D3cold
Jan 28 13:21:08 cu-cs-vm kernel: [    0.134445] pci 0000:00:15.5: [15ad:07a0] type 01 class 0x060400
Jan 28 13:21:08 cu-cs-vm kernel: [    0.135056] pci 0000:00:15.5: PME# supported from D0 D3hot D3cold
Jan 28 13:21:08 cu-cs-vm kernel: [    0.135316] pci 0000:00:15.6: [15ad:07a0] type 01 class 0x060400
Jan 28 13:21:08 cu-cs-vm kernel: [    0.135927] pci 0000:00:15.6: PME# supported from D0 D3hot D3cold
Jan 28 13:21:08 cu-cs-vm kernel: [    0.136190] pci 0000:00:15.7: [15ad:07a0] type 01 class 0x060400
Jan 28 13:21:08 cu-cs-vm kernel: [    0.136803] pci 0000:00:15.7: PME# supported from D0 D3hot D3cold
Jan 28 13:21:08 cu-cs-vm kernel: [    0.137066] pci 0000:00:16.0: [15ad:07a0] type 01 class 0x060400
Jan 28 13:21:08 cu-cs-vm kernel: [    0.137677] pci 0000:00:16.0: PME# supported from D0 D3hot D3cold
Jan 28 13:21:08 cu-cs-vm kernel: [    0.138049] pci 0000:00:16.1: [15ad:07a0] type 01 class 0x060400
Jan 28 13:21:08 cu-cs-vm kernel: [    0.138660] pci 0000:00:16.1: PME# supported from D0 D3hot D3cold
Jan 28 13:21:08 cu-cs-vm kernel: [    0.138923] pci 0000:00:16.2: [15ad:07a0] type 01 class 0x060400
Jan 28 13:21:08 cu-cs-vm kernel: [    0.139534] pci 0000:00:16.2: PME# supported from D0 D3hot D3cold
Jan 28 13:21:08 cu-cs-vm kernel: [    0.139804] pci 0000:00:16.3: [15ad:07a0] type 01 class 0x060400
Jan 28 13:21:08 cu-cs-vm kernel: [    0.140411] pci 0000:00:16.3: PME# supported from D0 D3hot D3cold
Jan 28 13:21:08 cu-cs-vm kernel: [    0.140675] pci 0000:00:16.4: [15ad:07a0] type 01 class 0x060400
Jan 28 13:21:08 cu-cs-vm kernel: [    0.141285] pci 0000:00:16.4: PME# supported from D0 D3hot D3cold
Jan 28 13:21:08 cu-cs-vm kernel: [    0.141544] pci 0000:00:16.5: [15ad:07a0] type 01 class 0x060400
Jan 28 13:21:08 cu-cs-vm kernel: [    0.142178] pci 0000:00:16.5: PME# supported from D0 D3hot D3cold
Jan 28 13:21:08 cu-cs-vm kernel: [    0.142442] pci 0000:00:16.6: [15ad:07a0] type 01 class 0x060400
Jan 28 13:21:08 cu-cs-vm kernel: [    0.143054] pci 0000:00:16.6: PME# supported from D0 D3hot D3cold
Jan 28 13:21:08 cu-cs-vm kernel: [    0.143316] pci 0000:00:16.7: [15ad:07a0] type 01 class 0x060400
Jan 28 13:21:08 cu-cs-vm kernel: [    0.143926] pci 0000:00:16.7: PME# supported from D0 D3hot D3cold
Jan 28 13:21:08 cu-cs-vm kernel: [    0.144188] pci 0000:00:17.0: [15ad:07a0] type 01 class 0x060400
Jan 28 13:21:08 cu-cs-vm kernel: [    0.144797] pci 0000:00:17.0: PME# supported from D0 D3hot D3cold
Jan 28 13:21:08 cu-cs-vm kernel: [    0.145059] pci 0000:00:17.1: [15ad:07a0] type 01 class 0x060400
Jan 28 13:21:08 cu-cs-vm kernel: [    0.145711] pci 0000:00:17.1: PME# supported from D0 D3hot D3cold
Jan 28 13:21:08 cu-cs-vm kernel: [    0.145974] pci 0000:00:17.2: [15ad:07a0] type 01 class 0x060400
Jan 28 13:21:08 cu-cs-vm kernel: [    0.146585] pci 0000:00:17.2: PME# supported from D0 D3hot D3cold
Jan 28 13:21:08 cu-cs-vm kernel: [    0.146853] pci 0000:00:17.3: [15ad:07a0] type 01 class 0x060400
Jan 28 13:21:08 cu-cs-vm kernel: [    0.147463] pci 0000:00:17.3: PME# supported from D0 D3hot D3cold
Jan 28 13:21:08 cu-cs-vm kernel: [    0.147726] pci 0000:00:17.4: [15ad:07a0] type 01 class 0x060400
Jan 28 13:21:08 cu-cs-vm kernel: [    0.148333] pci 0000:00:17.4: PME# supported from D0 D3hot D3cold
Jan 28 13:21:08 cu-cs-vm kernel: [    0.148592] pci 0000:00:17.5: [15ad:07a0] type 01 class 0x060400
Jan 28 13:21:08 cu-cs-vm kernel: [    0.149389] pci 0000:00:17.5: PME# supported from D0 D3hot D3cold
Jan 28 13:21:08 cu-cs-vm kernel: [    0.149726] pci 0000:00:17.6: [15ad:07a0] type 01 class 0x060400
Jan 28 13:21:08 cu-cs-vm kernel: [    0.150339] pci 0000:00:17.6: PME# supported from D0 D3hot D3cold
Jan 28 13:21:08 cu-cs-vm kernel: [    0.150603] pci 0000:00:17.7: [15ad:07a0] type 01 class 0x060400
Jan 28 13:21:08 cu-cs-vm kernel: [    0.151213] pci 0000:00:17.7: PME# supported from D0 D3hot D3cold
Jan 28 13:21:08 cu-cs-vm kernel: [    0.151477] pci 0000:00:18.0: [15ad:07a0] type 01 class 0x060400
Jan 28 13:21:08 cu-cs-vm kernel: [    0.152088] pci 0000:00:18.0: PME# supported from D0 D3hot D3cold
Jan 28 13:21:08 cu-cs-vm kernel: [    0.152356] pci 0000:00:18.1: [15ad:07a0] type 01 class 0x060400
Jan 28 13:21:08 cu-cs-vm kernel: [    0.152967] pci 0000:00:18.1: PME# supported from D0 D3hot D3cold
Jan 28 13:21:08 cu-cs-vm kernel: [    0.153230] pci 0000:00:18.2: [15ad:07a0] type 01 class 0x060400
Jan 28 13:21:08 cu-cs-vm kernel: [    0.153877] pci 0000:00:18.2: PME# supported from D0 D3hot D3cold
Jan 28 13:21:08 cu-cs-vm kernel: [    0.154149] pci 0000:00:18.3: [15ad:07a0] type 01 class 0x060400
Jan 28 13:21:08 cu-cs-vm kernel: [    0.154760] pci 0000:00:18.3: PME# supported from D0 D3hot D3cold
Jan 28 13:21:08 cu-cs-vm kernel: [    0.155019] pci 0000:00:18.4: [15ad:07a0] type 01 class 0x060400
Jan 28 13:21:08 cu-cs-vm kernel: [    0.155629] pci 0000:00:18.4: PME# supported from D0 D3hot D3cold
Jan 28 13:21:08 cu-cs-vm kernel: [    0.155892] pci 0000:00:18.5: [15ad:07a0] type 01 class 0x060400
Jan 28 13:21:08 cu-cs-vm kernel: [    0.156497] pci 0000:00:18.5: PME# supported from D0 D3hot D3cold
Jan 28 13:21:08 cu-cs-vm kernel: [    0.156760] pci 0000:00:18.6: [15ad:07a0] type 01 class 0x060400
Jan 28 13:21:08 cu-cs-vm kernel: [    0.157373] pci 0000:00:18.6: PME# supported from D0 D3hot D3cold
Jan 28 13:21:08 cu-cs-vm kernel: [    0.157636] pci 0000:00:18.7: [15ad:07a0] type 01 class 0x060400
Jan 28 13:21:08 cu-cs-vm kernel: [    0.158248] pci 0000:00:18.7: PME# supported from D0 D3hot D3cold
Jan 28 13:21:08 cu-cs-vm kernel: [    0.158810] pci 0000:00:01.0: PCI bridge to [bus 01]
Jan 28 13:21:08 cu-cs-vm kernel: [    0.159185] acpiphp: Slot [32] registered
Jan 28 13:21:08 cu-cs-vm kernel: [    0.159260] acpiphp: Slot [33] registered
Jan 28 13:21:08 cu-cs-vm kernel: [    0.159333] acpiphp: Slot [34] registered
Jan 28 13:21:08 cu-cs-vm kernel: [    0.159406] acpiphp: Slot [35] registered
Jan 28 13:21:08 cu-cs-vm kernel: [    0.159482] acpiphp: Slot [36] registered
Jan 28 13:21:08 cu-cs-vm kernel: [    0.159555] acpiphp: Slot [37] registered
Jan 28 13:21:08 cu-cs-vm kernel: [    0.159627] acpiphp: Slot [38] registered
Jan 28 13:21:08 cu-cs-vm kernel: [    0.159699] acpiphp: Slot [39] registered
Jan 28 13:21:08 cu-cs-vm kernel: [    0.159771] acpiphp: Slot [40] registered
Jan 28 13:21:08 cu-cs-vm kernel: [    0.159847] acpiphp: Slot [41] registered
Jan 28 13:21:08 cu-cs-vm kernel: [    0.159920] acpiphp: Slot [42] registered
Jan 28 13:21:08 cu-cs-vm kernel: [    0.159992] acpiphp: Slot [43] registered
Jan 28 13:21:08 cu-cs-vm kernel: [    0.160027] acpiphp: Slot [44] registered
Jan 28 13:21:08 cu-cs-vm kernel: [    0.160099] acpiphp: Slot [45] registered
Jan 28 13:21:08 cu-cs-vm kernel: [    0.160171] acpiphp: Slot [46] registered
Jan 28 13:21:08 cu-cs-vm kernel: [    0.160244] acpiphp: Slot [47] registered
Jan 28 13:21:08 cu-cs-vm kernel: [    0.160316] acpiphp: Slot [48] registered
Jan 28 13:21:08 cu-cs-vm kernel: [    0.160388] acpiphp: Slot [49] registered
Jan 28 13:21:08 cu-cs-vm kernel: [    0.160460] acpiphp: Slot [50] registered
Jan 28 13:21:08 cu-cs-vm kernel: [    0.160532] acpiphp: Slot [51] registered
Jan 28 13:21:08 cu-cs-vm kernel: [    0.160604] acpiphp: Slot [52] registered
Jan 28 13:21:08 cu-cs-vm kernel: [    0.160680] acpiphp: Slot [53] registered
Jan 28 13:21:08 cu-cs-vm kernel: [    0.160753] acpiphp: Slot [54] registered
Jan 28 13:21:08 cu-cs-vm kernel: [    0.160825] acpiphp: Slot [55] registered
Jan 28 13:21:08 cu-cs-vm kernel: [    0.160897] acpiphp: Slot [56] registered
Jan 28 13:21:08 cu-cs-vm kernel: [    0.160969] acpiphp: Slot [57] registered
Jan 28 13:21:08 cu-cs-vm kernel: [    0.161043] acpiphp: Slot [58] registered
Jan 28 13:21:08 cu-cs-vm kernel: [    0.161115] acpiphp: Slot [59] registered
Jan 28 13:21:08 cu-cs-vm kernel: [    0.161232] acpiphp: Slot [60] registered
Jan 28 13:21:08 cu-cs-vm kernel: [    0.161304] acpiphp: Slot [61] registered
Jan 28 13:21:08 cu-cs-vm kernel: [    0.161376] acpiphp: Slot [62] registered
Jan 28 13:21:08 cu-cs-vm kernel: [    0.161448] acpiphp: Slot [63] registered
Jan 28 13:21:08 cu-cs-vm kernel: [    0.161547] pci 0000:02:00.0: [15ad:0774] type 00 class 0x0c0300
Jan 28 13:21:08 cu-cs-vm kernel: [    0.162466] pci 0000:02:00.0: reg 0x20: [io  0x2040-0x205f]
Jan 28 13:21:08 cu-cs-vm kernel: [    0.163176] pci 0000:02:01.0: [8086:100f] type 00 class 0x020000
Jan 28 13:21:08 cu-cs-vm kernel: [    0.164004] pci 0000:02:01.0: reg 0x10: [mem 0xfd5c0000-0xfd5dffff 64bit]
Jan 28 13:21:08 cu-cs-vm kernel: [    0.164893] pci 0000:02:01.0: reg 0x18: [mem 0xfdff0000-0xfdffffff 64bit]
Jan 28 13:21:08 cu-cs-vm kernel: [    0.165949] pci 0000:02:01.0: reg 0x20: [io  0x2000-0x203f]
Jan 28 13:21:08 cu-cs-vm kernel: [    0.167612] pci 0000:02:01.0: reg 0x30: [mem 0x00000000-0x0000ffff pref]
Jan 28 13:21:08 cu-cs-vm kernel: [    0.167856] pci 0000:02:01.0: PME# supported from D0 D3hot D3cold
Jan 28 13:21:08 cu-cs-vm kernel: [    0.168045] pci 0000:02:02.0: [15ad:0770] type 00 class 0x0c0320
Jan 28 13:21:08 cu-cs-vm kernel: [    0.168519] pci 0000:02:02.0: reg 0x10: [mem 0xfd5ef000-0xfd5effff]
Jan 28 13:21:08 cu-cs-vm kernel: [    0.171470] pci 0000:02:04.0: [15ad:07e0] type 00 class 0x010601
Jan 28 13:21:08 cu-cs-vm kernel: [    0.173824] pci 0000:02:04.0: reg 0x24: [mem 0xfd5ee000-0xfd5eefff]
Jan 28 13:21:08 cu-cs-vm kernel: [    0.174220] pci 0000:02:04.0: reg 0x30: [mem 0x00000000-0x0000ffff pref]
Jan 28 13:21:08 cu-cs-vm kernel: [    0.174542] pci 0000:02:04.0: PME# supported from D3hot
Jan 28 13:21:08 cu-cs-vm kernel: [    0.174906] pci 0000:00:11.0: PCI bridge to [bus 02] (subtractive decode)
Jan 28 13:21:08 cu-cs-vm kernel: [    0.174985] pci 0000:00:11.0:   bridge window [io  0x2000-0x3fff]
Jan 28 13:21:08 cu-cs-vm kernel: [    0.175002] pci 0000:00:11.0:   bridge window [mem 0xfd500000-0xfdffffff]
Jan 28 13:21:08 cu-cs-vm kernel: [    0.175035] pci 0000:00:11.0:   bridge window [mem 0xe7b00000-0xe7ffffff 64bit pref]
Jan 28 13:21:08 cu-cs-vm kernel: [    0.175036] pci 0000:00:11.0:   bridge window [mem 0x000a0000-0x000bffff window] (subtractive decode)
Jan 28 13:21:08 cu-cs-vm kernel: [    0.175037] pci 0000:00:11.0:   bridge window [mem 0x000cc000-0x000cffff window] (subtractive decode)
Jan 28 13:21:08 cu-cs-vm kernel: [    0.175038] pci 0000:00:11.0:   bridge window [mem 0x000d0000-0x000d3fff window] (subtractive decode)
Jan 28 13:21:08 cu-cs-vm kernel: [    0.175038] pci 0000:00:11.0:   bridge window [mem 0x000d4000-0x000d7fff window] (subtractive decode)
Jan 28 13:21:08 cu-cs-vm kernel: [    0.175039] pci 0000:00:11.0:   bridge window [mem 0x000d8000-0x000dbfff window] (subtractive decode)
Jan 28 13:21:08 cu-cs-vm kernel: [    0.175040] pci 0000:00:11.0:   bridge window [mem 0xc0000000-0xfebfffff window] (subtractive decode)
Jan 28 13:21:08 cu-cs-vm kernel: [    0.175041] pci 0000:00:11.0:   bridge window [io  0x0000-0x0cf7 window] (subtractive decode)
Jan 28 13:21:08 cu-cs-vm kernel: [    0.175041] pci 0000:00:11.0:   bridge window [io  0x0d00-0xfeff window] (subtractive decode)
Jan 28 13:21:08 cu-cs-vm kernel: [    0.175313] pci 0000:00:15.0: PCI bridge to [bus 03]
Jan 28 13:21:08 cu-cs-vm kernel: [    0.175377] pci 0000:00:15.0:   bridge window [io  0x4000-0x4fff]
Jan 28 13:21:08 cu-cs-vm kernel: [    0.175394] pci 0000:00:15.0:   bridge window [mem 0xfd400000-0xfd4fffff]
Jan 28 13:21:08 cu-cs-vm kernel: [    0.175427] pci 0000:00:15.0:   bridge window [mem 0xe7a00000-0xe7afffff 64bit pref]
Jan 28 13:21:08 cu-cs-vm kernel: [    0.175681] pci 0000:00:15.1: PCI bridge to [bus 04]
Jan 28 13:21:08 cu-cs-vm kernel: [    0.175745] pci 0000:00:15.1:   bridge window [io  0x8000-0x8fff]
Jan 28 13:21:08 cu-cs-vm kernel: [    0.175762] pci 0000:00:15.1:   bridge window [mem 0xfd000000-0xfd0fffff]
Jan 28 13:21:08 cu-cs-vm kernel: [    0.175794] pci 0000:00:15.1:   bridge window [mem 0xe7600000-0xe76fffff 64bit pref]
Jan 28 13:21:08 cu-cs-vm kernel: [    0.176052] pci 0000:00:15.2: PCI bridge to [bus 05]
Jan 28 13:21:08 cu-cs-vm kernel: [    0.176115] pci 0000:00:15.2:   bridge window [io  0xc000-0xcfff]
Jan 28 13:21:08 cu-cs-vm kernel: [    0.176132] pci 0000:00:15.2:   bridge window [mem 0xfcc00000-0xfccfffff]
Jan 28 13:21:08 cu-cs-vm kernel: [    0.176164] pci 0000:00:15.2:   bridge window [mem 0xe7200000-0xe72fffff 64bit pref]
Jan 28 13:21:08 cu-cs-vm kernel: [    0.176443] pci 0000:00:15.3: PCI bridge to [bus 06]
Jan 28 13:21:08 cu-cs-vm kernel: [    0.176536] pci 0000:00:15.3:   bridge window [mem 0xfc800000-0xfc8fffff]
Jan 28 13:21:08 cu-cs-vm kernel: [    0.176569] pci 0000:00:15.3:   bridge window [mem 0xe6e00000-0xe6efffff 64bit pref]
Jan 28 13:21:08 cu-cs-vm kernel: [    0.176821] pci 0000:00:15.4: PCI bridge to [bus 07]
Jan 28 13:21:08 cu-cs-vm kernel: [    0.176900] pci 0000:00:15.4:   bridge window [mem 0xfc400000-0xfc4fffff]
Jan 28 13:21:08 cu-cs-vm kernel: [    0.176932] pci 0000:00:15.4:   bridge window [mem 0xe6a00000-0xe6afffff 64bit pref]
Jan 28 13:21:08 cu-cs-vm kernel: [    0.177189] pci 0000:00:15.5: PCI bridge to [bus 08]
Jan 28 13:21:08 cu-cs-vm kernel: [    0.177268] pci 0000:00:15.5:   bridge window [mem 0xfc000000-0xfc0fffff]
Jan 28 13:21:08 cu-cs-vm kernel: [    0.177300] pci 0000:00:15.5:   bridge window [mem 0xe6600000-0xe66fffff 64bit pref]
Jan 28 13:21:08 cu-cs-vm kernel: [    0.177552] pci 0000:00:15.6: PCI bridge to [bus 09]
Jan 28 13:21:08 cu-cs-vm kernel: [    0.177631] pci 0000:00:15.6:   bridge window [mem 0xfbc00000-0xfbcfffff]
Jan 28 13:21:08 cu-cs-vm kernel: [    0.177663] pci 0000:00:15.6:   bridge window [mem 0xe6200000-0xe62fffff 64bit pref]
Jan 28 13:21:08 cu-cs-vm kernel: [    0.177919] pci 0000:00:15.7: PCI bridge to [bus 0a]
Jan 28 13:21:08 cu-cs-vm kernel: [    0.177998] pci 0000:00:15.7:   bridge window [mem 0xfb800000-0xfb8fffff]
Jan 28 13:21:08 cu-cs-vm kernel: [    0.178031] pci 0000:00:15.7:   bridge window [mem 0xe5e00000-0xe5efffff 64bit pref]
Jan 28 13:21:08 cu-cs-vm kernel: [    0.178283] pci 0000:00:16.0: PCI bridge to [bus 0b]
Jan 28 13:21:08 cu-cs-vm kernel: [    0.178346] pci 0000:00:16.0:   bridge window [io  0x5000-0x5fff]
Jan 28 13:21:08 cu-cs-vm kernel: [    0.178363] pci 0000:00:16.0:   bridge window [mem 0xfd300000-0xfd3fffff]
Jan 28 13:21:08 cu-cs-vm kernel: [    0.178395] pci 0000:00:16.0:   bridge window [mem 0xe7900000-0xe79fffff 64bit pref]
Jan 28 13:21:08 cu-cs-vm kernel: [    0.178659] pci 0000:00:16.1: PCI bridge to [bus 0c]
Jan 28 13:21:08 cu-cs-vm kernel: [    0.178722] pci 0000:00:16.1:   bridge window [io  0x9000-0x9fff]
Jan 28 13:21:08 cu-cs-vm kernel: [    0.178739] pci 0000:00:16.1:   bridge window [mem 0xfcf00000-0xfcffffff]
Jan 28 13:21:08 cu-cs-vm kernel: [    0.178772] pci 0000:00:16.1:   bridge window [mem 0xe7500000-0xe75fffff 64bit pref]
Jan 28 13:21:08 cu-cs-vm kernel: [    0.179027] pci 0000:00:16.2: PCI bridge to [bus 0d]
Jan 28 13:21:08 cu-cs-vm kernel: [    0.179091] pci 0000:00:16.2:   bridge window [io  0xd000-0xdfff]
Jan 28 13:21:08 cu-cs-vm kernel: [    0.179107] pci 0000:00:16.2:   bridge window [mem 0xfcb00000-0xfcbfffff]
Jan 28 13:21:08 cu-cs-vm kernel: [    0.179140] pci 0000:00:16.2:   bridge window [mem 0xe7100000-0xe71fffff 64bit pref]
Jan 28 13:21:08 cu-cs-vm kernel: [    0.179392] pci 0000:00:16.3: PCI bridge to [bus 0e]
Jan 28 13:21:08 cu-cs-vm kernel: [    0.179471] pci 0000:00:16.3:   bridge window [mem 0xfc700000-0xfc7fffff]
Jan 28 13:21:08 cu-cs-vm kernel: [    0.179503] pci 0000:00:16.3:   bridge window [mem 0xe6d00000-0xe6dfffff 64bit pref]
Jan 28 13:21:08 cu-cs-vm kernel: [    0.179763] pci 0000:00:16.4: PCI bridge to [bus 0f]
Jan 28 13:21:08 cu-cs-vm kernel: [    0.179986] pci 0000:00:16.4:   bridge window [mem 0xfc300000-0xfc3fffff]
Jan 28 13:21:08 cu-cs-vm kernel: [    0.180011] pci 0000:00:16.4:   bridge window [mem 0xe6900000-0xe69fffff 64bit pref]
Jan 28 13:21:08 cu-cs-vm kernel: [    0.180268] pci 0000:00:16.5: PCI bridge to [bus 10]
Jan 28 13:21:08 cu-cs-vm kernel: [    0.180387] pci 0000:00:16.5:   bridge window [mem 0xfbf00000-0xfbffffff]
Jan 28 13:21:08 cu-cs-vm kernel: [    0.180419] pci 0000:00:16.5:   bridge window [mem 0xe6500000-0xe65fffff 64bit pref]
Jan 28 13:21:08 cu-cs-vm kernel: [    0.180672] pci 0000:00:16.6: PCI bridge to [bus 11]
